Archive member included to satisfy reference by file (symbol)

c:/st/stm32cubeide_1.11.0/stm32cubeide/plugins/com.st.stm32cube.ide.mcu.externaltools.gnu-tools-for-stm32.10.3-2021.10.win32_1.0.100.202210260954/tools/bin/../lib/gcc/arm-none-eabi/10.3.1/../../../../arm-none-eabi/lib/thumb/v7e-m+fp/hard\libc_nano.a(lib_a-atoi.o)
                              ./Core/Src/Functions.o (atoi)
c:/st/stm32cubeide_1.11.0/stm32cubeide/plugins/com.st.stm32cube.ide.mcu.externaltools.gnu-tools-for-stm32.10.3-2021.10.win32_1.0.100.202210260954/tools/bin/../lib/gcc/arm-none-eabi/10.3.1/../../../../arm-none-eabi/lib/thumb/v7e-m+fp/hard\libc_nano.a(lib_a-errno.o)
                              ./Core/Src/syscalls.o (__errno)
c:/st/stm32cubeide_1.11.0/stm32cubeide/plugins/com.st.stm32cube.ide.mcu.externaltools.gnu-tools-for-stm32.10.3-2021.10.win32_1.0.100.202210260954/tools/bin/../lib/gcc/arm-none-eabi/10.3.1/../../../../arm-none-eabi/lib/thumb/v7e-m+fp/hard\libc_nano.a(lib_a-exit.o)
                              c:/st/stm32cubeide_1.11.0/stm32cubeide/plugins/com.st.stm32cube.ide.mcu.externaltools.gnu-tools-for-stm32.10.3-2021.10.win32_1.0.100.202210260954/tools/bin/../lib/gcc/arm-none-eabi/10.3.1/../../../../arm-none-eabi/lib/thumb/v7e-m+fp/hard/crt0.o (exit)
c:/st/stm32cubeide_1.11.0/stm32cubeide/plugins/com.st.stm32cube.ide.mcu.externaltools.gnu-tools-for-stm32.10.3-2021.10.win32_1.0.100.202210260954/tools/bin/../lib/gcc/arm-none-eabi/10.3.1/../../../../arm-none-eabi/lib/thumb/v7e-m+fp/hard\libc_nano.a(lib_a-impure.o)
                              c:/st/stm32cubeide_1.11.0/stm32cubeide/plugins/com.st.stm32cube.ide.mcu.externaltools.gnu-tools-for-stm32.10.3-2021.10.win32_1.0.100.202210260954/tools/bin/../lib/gcc/arm-none-eabi/10.3.1/../../../../arm-none-eabi/lib/thumb/v7e-m+fp/hard\libc_nano.a(lib_a-exit.o) (_global_impure_ptr)
c:/st/stm32cubeide_1.11.0/stm32cubeide/plugins/com.st.stm32cube.ide.mcu.externaltools.gnu-tools-for-stm32.10.3-2021.10.win32_1.0.100.202210260954/tools/bin/../lib/gcc/arm-none-eabi/10.3.1/../../../../arm-none-eabi/lib/thumb/v7e-m+fp/hard\libc_nano.a(lib_a-init.o)
                              c:/st/stm32cubeide_1.11.0/stm32cubeide/plugins/com.st.stm32cube.ide.mcu.externaltools.gnu-tools-for-stm32.10.3-2021.10.win32_1.0.100.202210260954/tools/bin/../lib/gcc/arm-none-eabi/10.3.1/../../../../arm-none-eabi/lib/thumb/v7e-m+fp/hard/crt0.o (__libc_init_array)
c:/st/stm32cubeide_1.11.0/stm32cubeide/plugins/com.st.stm32cube.ide.mcu.externaltools.gnu-tools-for-stm32.10.3-2021.10.win32_1.0.100.202210260954/tools/bin/../lib/gcc/arm-none-eabi/10.3.1/../../../../arm-none-eabi/lib/thumb/v7e-m+fp/hard\libc_nano.a(lib_a-memcpy-stub.o)
                              ./Core/Src/Functions.o (memcpy)
c:/st/stm32cubeide_1.11.0/stm32cubeide/plugins/com.st.stm32cube.ide.mcu.externaltools.gnu-tools-for-stm32.10.3-2021.10.win32_1.0.100.202210260954/tools/bin/../lib/gcc/arm-none-eabi/10.3.1/../../../../arm-none-eabi/lib/thumb/v7e-m+fp/hard\libc_nano.a(lib_a-memset.o)
                              c:/st/stm32cubeide_1.11.0/stm32cubeide/plugins/com.st.stm32cube.ide.mcu.externaltools.gnu-tools-for-stm32.10.3-2021.10.win32_1.0.100.202210260954/tools/bin/../lib/gcc/arm-none-eabi/10.3.1/../../../../arm-none-eabi/lib/thumb/v7e-m+fp/hard/crt0.o (memset)
c:/st/stm32cubeide_1.11.0/stm32cubeide/plugins/com.st.stm32cube.ide.mcu.externaltools.gnu-tools-for-stm32.10.3-2021.10.win32_1.0.100.202210260954/tools/bin/../lib/gcc/arm-none-eabi/10.3.1/../../../../arm-none-eabi/lib/thumb/v7e-m+fp/hard\libc_nano.a(lib_a-sprintf.o)
                              ./Core/Src/Functions.o (sprintf)
c:/st/stm32cubeide_1.11.0/stm32cubeide/plugins/com.st.stm32cube.ide.mcu.externaltools.gnu-tools-for-stm32.10.3-2021.10.win32_1.0.100.202210260954/tools/bin/../lib/gcc/arm-none-eabi/10.3.1/../../../../arm-none-eabi/lib/thumb/v7e-m+fp/hard\libc_nano.a(lib_a-strcat.o)
                              ./Core/Src/Functions.o (strcat)
c:/st/stm32cubeide_1.11.0/stm32cubeide/plugins/com.st.stm32cube.ide.mcu.externaltools.gnu-tools-for-stm32.10.3-2021.10.win32_1.0.100.202210260954/tools/bin/../lib/gcc/arm-none-eabi/10.3.1/../../../../arm-none-eabi/lib/thumb/v7e-m+fp/hard\libc_nano.a(lib_a-strcmp.o)
                              ./Core/Src/Functions.o (strcmp)
c:/st/stm32cubeide_1.11.0/stm32cubeide/plugins/com.st.stm32cube.ide.mcu.externaltools.gnu-tools-for-stm32.10.3-2021.10.win32_1.0.100.202210260954/tools/bin/../lib/gcc/arm-none-eabi/10.3.1/../../../../arm-none-eabi/lib/thumb/v7e-m+fp/hard\libc_nano.a(lib_a-strcpy.o)
                              ./Core/Src/Functions.o (strcpy)
c:/st/stm32cubeide_1.11.0/stm32cubeide/plugins/com.st.stm32cube.ide.mcu.externaltools.gnu-tools-for-stm32.10.3-2021.10.win32_1.0.100.202210260954/tools/bin/../lib/gcc/arm-none-eabi/10.3.1/../../../../arm-none-eabi/lib/thumb/v7e-m+fp/hard\libc_nano.a(lib_a-strlen.o)
                              ./Core/Src/Functions.o (strlen)
[...]
Memory Configuration

Name             Origin             Length             Attributes
CCMRAM           0x0000000010000000 0x0000000000004000 xrw
RAM              0x0000000020000000 0x0000000000010000 xrw
FLASH            0x0000000008000000 0x0000000000080000 xr
*default*        0x0000000000000000 0xffffffffffffffff

Linker script and memory map

LOAD c:/st/stm32cubeide_1.11.0/stm32cubeide/plugins/com.st.stm32cube.ide.mcu.externaltools.gnu-tools-for-stm32.10.3-2021.10.win32_1.0.100.202210260954/tools/bin/../lib/gcc/arm-none-eabi/10.3.1/thumb/v7e-m+fp/hard/crti.o
LOAD c:/st/stm32cubeide_1.11.0/stm32cubeide/plugins/com.st.stm32cube.ide.mcu.externaltools.gnu-tools-for-stm32.10.3-2021.10.win32_1.0.100.202210260954/tools/bin/../lib/gcc/arm-none-eabi/10.3.1/thumb/v7e-m+fp/hard/crtbegin.o
LOAD c:/st/stm32cubeide_1.11.0/stm32cubeide/plugins/com.st.stm32cube.ide.mcu.externaltools.gnu-tools-for-stm32.10.3-2021.10.win32_1.0.100.202210260954/tools/bin/../lib/gcc/arm-none-eabi/10.3.1/../../../../arm-none-eabi/lib/thumb/v7e-m+fp/hard/crt0.o
LOAD ./Core/Src/Functions.o
LOAD ./Core/Src/Morse.o
LOAD ./Core/Src/TrackPad.o
LOAD ./Core/Src/adc.o
LOAD ./Core/Src/dac.o
LOAD ./Core/Src/dma.o
LOAD ./Core/Src/gpio.o
LOAD ./Core/Src/i2c.o
LOAD ./Core/Src/main.o
LOAD ./Core/Src/stm32f3xx_hal_msp.o
LOAD ./Core/Src/stm32f3xx_it.o
LOAD ./Core/Src/syscalls.o
LOAD ./Core/Src/sysmem.o
LOAD ./Core/Src/system_stm32f3xx.o
LOAD ./Core/Src/tim.o
LOAD ./Core/Src/usart.o
LOAD ./Core/Startup/startup_stm32f303retx.o
LOAD ./Drivers/STM32F3xx_HAL_Driver/Src/stm32f3xx_hal.o
LOAD ./Drivers/STM32F3xx_HAL_Driver/Src/stm32f3xx_hal_adc.o
LOAD ./Drivers/STM32F3xx_HAL_Driver/Src/stm32f3xx_hal_adc_ex.o
LOAD ./Drivers/STM32F3xx_HAL_Driver/Src/stm32f3xx_hal_cortex.o
LOAD ./Drivers/STM32F3xx_HAL_Driver/Src/stm32f3xx_hal_dac.o
LOAD ./Drivers/STM32F3xx_HAL_Driver/Src/stm32f3xx_hal_dac_ex.o
LOAD ./Drivers/STM32F3xx_HAL_Driver/Src/stm32f3xx_hal_dma.o
LOAD ./Drivers/STM32F3xx_HAL_Driver/Src/stm32f3xx_hal_exti.o
LOAD ./Drivers/STM32F3xx_HAL_Driver/Src/stm32f3xx_hal_flash.o
LOAD ./Drivers/STM32F3xx_HAL_Driver/Src/stm32f3xx_hal_flash_ex.o
LOAD ./Drivers/STM32F3xx_HAL_Driver/Src/stm32f3xx_hal_gpio.o
LOAD ./Drivers/STM32F3xx_HAL_Driver/Src/stm32f3xx_hal_i2c.o
LOAD ./Drivers/STM32F3xx_HAL_Driver/Src/stm32f3xx_hal_i2c_ex.o
LOAD ./Drivers/STM32F3xx_HAL_Driver/Src/stm32f3xx_hal_pwr.o
LOAD ./Drivers/STM32F3xx_HAL_Driver/Src/stm32f3xx_hal_pwr_ex.o
LOAD ./Drivers/STM32F3xx_HAL_Driver/Src/stm32f3xx_hal_rcc.o
LOAD ./Drivers/STM32F3xx_HAL_Driver/Src/stm32f3xx_hal_rcc_ex.o
LOAD ./Drivers/STM32F3xx_HAL_Driver/Src/stm32f3xx_hal_tim.o
LOAD ./Drivers/STM32F3xx_HAL_Driver/Src/stm32f3xx_hal_tim_ex.o
LOAD ./Drivers/STM32F3xx_HAL_Driver/Src/stm32f3xx_hal_uart.o
LOAD ./Drivers/STM32F3xx_HAL_Driver/Src/stm32f3xx_hal_uart_ex.o
START GROUP
LOAD c:/st/stm32cubeide_1.11.0/stm32cubeide/plugins/com.st.stm32cube.ide.mcu.externaltools.gnu-tools-for-stm32.10.3-2021.10.win32_1.0.100.202210260954/tools/bin/../lib/gcc/arm-none-eabi/10.3.1/../../../../arm-none-eabi/lib/thumb/v7e-m+fp/hard\libc_nano.a
LOAD c:/st/stm32cubeide_1.11.0/stm32cubeide/plugins/com.st.stm32cube.ide.mcu.externaltools.gnu-tools-for-stm32.10.3-2021.10.win32_1.0.100.202210260954/tools/bin/../lib/gcc/arm-none-eabi/10.3.1/../../../../arm-none-eabi/lib/thumb/v7e-m+fp/hard\libm.a
END GROUP
START GROUP
LOAD c:/st/stm32cubeide_1.11.0/stm32cubeide/plugins/com.st.stm32cube.ide.mcu.externaltools.gnu-tools-for-stm32.10.3-2021.10.win32_1.0.100.202210260954/tools/bin/../lib/gcc/arm-none-eabi/10.3.1/thumb/v7e-m+fp/hard\libgcc.a
LOAD c:/st/stm32cubeide_1.11.0/stm32cubeide/plugins/com.st.stm32cube.ide.mcu.externaltools.gnu-tools-for-stm32.10.3-2021.10.win32_1.0.100.202210260954/tools/bin/../lib/gcc/arm-none-eabi/10.3.1/../../../../arm-none-eabi/lib/thumb/v7e-m+fp/hard\libc_nano.a
END GROUP
START GROUP
LOAD c:/st/stm32cubeide_1.11.0/stm32cubeide/plugins/com.st.stm32cube.ide.mcu.externaltools.gnu-tools-for-stm32.10.3-2021.10.win32_1.0.100.202210260954/tools/bin/../lib/gcc/arm-none-eabi/10.3.1/thumb/v7e-m+fp/hard\libgcc.a
LOAD c:/st/stm32cubeide_1.11.0/stm32cubeide/plugins/com.st.stm32cube.ide.mcu.externaltools.gnu-tools-for-stm32.10.3-2021.10.win32_1.0.100.202210260954/tools/bin/../lib/gcc/arm-none-eabi/10.3.1/../../../../arm-none-eabi/lib/thumb/v7e-m+fp/hard\libc_nano.a
LOAD c:/st/stm32cubeide_1.11.0/stm32cubeide/plugins/com.st.stm32cube.ide.mcu.externaltools.gnu-tools-for-stm32.10.3-2021.10.win32_1.0.100.202210260954/tools/bin/../lib/gcc/arm-none-eabi/10.3.1/../../../../arm-none-eabi/lib/thumb/v7e-m+fp/hard\libnosys.a
END GROUP
START GROUP
LOAD c:/st/stm32cubeide_1.11.0/stm32cubeide/plugins/com.st.stm32cube.ide.mcu.externaltools.gnu-tools-for-stm32.10.3-2021.10.win32_1.0.100.202210260954/tools/bin/../lib/gcc/arm-none-eabi/10.3.1/thumb/v7e-m+fp/hard\libgcc.a
LOAD c:/st/stm32cubeide_1.11.0/stm32cubeide/plugins/com.st.stm32cube.ide.mcu.externaltools.gnu-tools-for-stm32.10.3-2021.10.win32_1.0.100.202210260954/tools/bin/../lib/gcc/arm-none-eabi/10.3.1/../../../../arm-none-eabi/lib/thumb/v7e-m+fp/hard\libc_nano.a
LOAD c:/st/stm32cubeide_1.11.0/stm32cubeide/plugins/com.st.stm32cube.ide.mcu.externaltools.gnu-tools-for-stm32.10.3-2021.10.win32_1.0.100.202210260954/tools/bin/../lib/gcc/arm-none-eabi/10.3.1/../../../../arm-none-eabi/lib/thumb/v7e-m+fp/hard\libnosys.a
END GROUP
LOAD c:/st/stm32cubeide_1.11.0/stm32cubeide/plugins/com.st.stm32cube.ide.mcu.externaltools.gnu-tools-for-stm32.10.3-2021.10.win32_1.0.100.202210260954/tools/bin/../lib/gcc/arm-none-eabi/10.3.1/thumb/v7e-m+fp/hard/crtend.o
LOAD c:/st/stm32cubeide_1.11.0/stm32cubeide/plugins/com.st.stm32cube.ide.mcu.externaltools.gnu-tools-for-stm32.10.3-2021.10.win32_1.0.100.202210260954/tools/bin/../lib/gcc/arm-none-eabi/10.3.1/thumb/v7e-m+fp/hard/crtn.o
                0x0000000020010000                _estack = (ORIGIN (RAM) + LENGTH (RAM))
                0x0000000000000200                _Min_Heap_Size = 0x200
                0x0000000000000400                _Min_Stack_Size = 0x400

.isr_vector     0x0000000008000000      0x194
                0x0000000008000000                . = ALIGN (0x4)
 *(.isr_vector)
 .isr_vector    0x0000000008000000      0x194 ./Core/Startup/startup_stm32f303retx.o
                0x0000000008000000                g_pfnVectors
                0x0000000008000194                . = ALIGN (0x4)

.text           0x00000000080001a0     0xae78
                0x00000000080001a0                . = ALIGN (0x4)
 *(.text)
 .text          0x00000000080001a0       0x40 c:/st/stm32cubeide_1.11.0/stm32cubeide/plugins/com.st.stm32cube.ide.mcu.externaltools.gnu-tools-for-stm32.10.3-2021.10.win32_1.0.100.202210260954/tools/bin/../lib/gcc/arm-none-eabi/10.3.1/thumb/v7e-m+fp/hard/crtbegin.o
 .text          0x00000000080001e0       0x14 c:/st/stm32cubeide_1.11.0/stm32cubeide/plugins/com.st.stm32cube.ide.mcu.externaltools.gnu-tools-for-stm32.10.3-2021.10.win32_1.0.100.202210260954/tools/bin/../lib/gcc/arm-none-eabi/10.3.1/../../../../arm-none-eabi/lib/thumb/v7e-m+fp/hard\libc_nano.a(lib_a-strcmp.o)
                0x00000000080001e0                strcmp
 .text          0x00000000080001f4       0x10 c:/st/stm32cubeide_1.11.0/stm32cubeide/plugins/com.st.stm32cube.ide.mcu.externaltools.gnu-tools-for-stm32.10.3-2021.10.win32_1.0.100.202210260954/tools/bin/../lib/gcc/arm-none-eabi/10.3.1/../../../../arm-none-eabi/lib/thumb/v7e-m+fp/hard\libc_nano.a(lib_a-strlen.o)
                0x00000000080001f4                strlen
 *fill*         0x0000000008000204        0xc 
 .text          0x0000000008000210       0xa0 c:/st/stm32cubeide_1.11.0/stm32cubeide/plugins/com.st.stm32cube.ide.mcu.externaltools.gnu-tools-for-stm32.10.3-2021.10.win32_1.0.100.202210260954/tools/bin/../lib/gcc/arm-none-eabi/10.3.1/../../../../arm-none-eabi/lib/thumb/v7e-m+fp/hard\libc_nano.a(lib_a-memchr.o)
                0x0000000008000210                memchr
 .text          0x00000000080002b0      0x378 c:/st/stm32cubeide_1.11.0/stm32cubeide/plugins/com.st.stm32cube.ide.mcu.externaltools.gnu-tools-for-stm32.10.3-2021.10.win32_1.0.100.202210260954/tools/bin/../lib/gcc/arm-none-eabi/10.3.1/thumb/v7e-m+fp/hard\libgcc.a(_arm_addsubdf3.o)
                0x00000000080002b0                __aeabi_drsub
                0x00000000080002b8                __aeabi_dsub
                0x00000000080002b8                __subdf3
                0x00000000080002bc                __aeabi_dadd
                0x00000000080002bc                __adddf3
                0x0000000008000534                __floatunsidf
                0x0000000008000534                __aeabi_ui2d
                0x0000000008000554                __floatsidf
                0x0000000008000554                __aeabi_i2d
                0x0000000008000578                __aeabi_f2d
                0x0000000008000578                __extendsfdf2
                0x00000000080005bc                __floatundidf
                0x00000000080005bc                __aeabi_ul2d
                0x00000000080005cc                __floatdidf
                0x00000000080005cc                __aeabi_l2d
 .text          0x0000000008000628      0x424 c:/st/stm32cubeide_1.11.0/stm32cubeide/plugins/com.st.stm32cube.ide.mcu.externaltools.gnu-tools-for-stm32.10.3-2021.10.win32_1.0.100.202210260954/tools/bin/../lib/gcc/arm-none-eabi/10.3.1/thumb/v7e-m+fp/hard\libgcc.a(_arm_muldivdf3.o)
                0x0000000008000628                __aeabi_dmul
                0x0000000008000628                __muldf3
                0x000000000800087c                __divdf3
                0x000000000800087c                __aeabi_ddiv
 .text          0x0000000008000a4c       0x50 c:/st/stm32cubeide_1.11.0/stm32cubeide/plugins/com.st.stm32cube.ide.mcu.externaltools.gnu-tools-for-stm32.10.3-2021.10.win32_1.0.100.202210260954/tools/bin/../lib/gcc/arm-none-eabi/10.3.1/thumb/v7e-m+fp/hard\libgcc.a(_arm_fixdfsi.o)
                0x0000000008000a4c                __aeabi_d2iz
                0x0000000008000a4c                __fixdfsi
 .text          0x0000000008000a9c       0x40 c:/st/stm32cubeide_1.11.0/stm32cubeide/plugins/com.st.stm32cube.ide.mcu.externaltools.gnu-tools-for-stm32.10.3-2021.10.win32_1.0.100.202210260954/tools/bin/../lib/gcc/arm-none-eabi/10.3.1/thumb/v7e-m+fp/hard\libgcc.a(_arm_fixunsdfsi.o)
                0x0000000008000a9c                __aeabi_d2uiz
                0x0000000008000a9c                __fixunsdfsi
 *(.text*)
 *fill*         0x0000000008000adc        0x4 
 .text.TrackPadInput
                0x0000000008000ae0      0x418 ./Core/Src/Functions.o
                0x0000000008000ae0                TrackPadInput
 .text.TrackPadSetup
                0x0000000008000ef8      0x254 ./Core/Src/Functions.o
                0x0000000008000ef8                TrackPadSetup
 .text.HAL_UART_RxCpltCallback
                0x000000000800114c       0x5c ./Core/Src/Functions.o
                0x000000000800114c                HAL_UART_RxCpltCallback
 .text.UART_Command
                0x00000000080011a8      0x3f4 ./Core/Src/Functions.o
                0x00000000080011a8                UART_Command
 .text.SystemRefresh
                0x000000000800159c      0x114 ./Core/Src/Functions.o
                0x000000000800159c                SystemRefresh
 .text.DecodeMorse
                0x00000000080016b0       0x9c ./Core/Src/Functions.o
                0x00000000080016b0                DecodeMorse
 .text.HAL_TIM_PeriodElapsedCallback
                0x000000000800174c       0xb0 ./Core/Src/Functions.o
                0x000000000800174c                HAL_TIM_PeriodElapsedCallback
 .text.ExecuteMorse
                0x00000000080017fc      0x154 ./Core/Src/Functions.o
                0x00000000080017fc                ExecuteMorse
 .text.Setup    0x0000000008001950       0x84 ./Core/Src/Functions.o
                0x0000000008001950                Setup
 *fill*         0x00000000080019d4        0x4 
 .text.Slider_Update
                0x00000000080019d8       0xe8 ./Core/Src/Functions.o
                0x00000000080019d8                Slider_Update
 .text.debugLEDs
                0x0000000008001ac0       0xe4 ./Core/Src/Functions.o
                0x0000000008001ac0                debugLEDs
 .text.MorseIndex
                0x0000000008001ba4      0x504 ./Core/Src/Morse.o
                0x0000000008001ba4                MorseIndex
 .text.writeByte
                0x00000000080020a8       0x3c ./Core/Src/TrackPad.o
                0x00000000080020a8                writeByte
 .text.readByte
                0x00000000080020e4       0x4c ./Core/Src/TrackPad.o
                0x00000000080020e4                readByte
 .text.getProductNum
                0x0000000008002130       0x50 ./Core/Src/TrackPad.o
                0x0000000008002130                getProductNum
 .text.writeMM  0x0000000008002180      0x41c ./Core/Src/TrackPad.o
                0x0000000008002180                writeMM
 .text.MX_ADC1_Init
                0x000000000800259c       0xe0 ./Core/Src/adc.o
                0x000000000800259c                MX_ADC1_Init
 .text.HAL_ADC_MspInit
                0x000000000800267c       0x78 ./Core/Src/adc.o
                0x000000000800267c                HAL_ADC_MspInit
 .text.MX_DAC1_Init
                0x00000000080026f4       0x54 ./Core/Src/dac.o
                0x00000000080026f4                MX_DAC1_Init
 .text.HAL_DAC_MspInit
                0x0000000008002748       0x7c ./Core/Src/dac.o
                0x0000000008002748                HAL_DAC_MspInit
 .text.MX_DMA_Init
                0x00000000080027c4       0x3c ./Core/Src/dma.o
                0x00000000080027c4                MX_DMA_Init
 .text.MX_GPIO_Init
                0x0000000008002800      0x160 ./Core/Src/gpio.o
                0x0000000008002800                MX_GPIO_Init
 .text.HAL_GPIO_EXTI_Callback
                0x0000000008002960      0x308 ./Core/Src/gpio.o
                0x0000000008002960                HAL_GPIO_EXTI_Callback
 .text.MX_I2C1_Init
                0x0000000008002c68       0x7c ./Core/Src/i2c.o
                0x0000000008002c68                MX_I2C1_Init
 .text.HAL_I2C_MspInit
                0x0000000008002ce4       0x88 ./Core/Src/i2c.o
                0x0000000008002ce4                HAL_I2C_MspInit
 .text.main     0x0000000008002d6c       0x4e ./Core/Src/main.o
                0x0000000008002d6c                main
 *fill*         0x0000000008002dba        0x2 
 .text.SystemClock_Config
                0x0000000008002dbc       0xe0 ./Core/Src/main.o
                0x0000000008002dbc                SystemClock_Config
 .text.Error_Handler
                0x0000000008002e9c        0xa ./Core/Src/main.o
                0x0000000008002e9c                Error_Handler
 *fill*         0x0000000008002ea6        0x2 
 .text.HAL_MspInit
                0x0000000008002ea8       0x48 ./Core/Src/stm32f3xx_hal_msp.o
                0x0000000008002ea8                HAL_MspInit
 .text.NMI_Handler
                0x0000000008002ef0        0x6 ./Core/Src/stm32f3xx_it.o
                0x0000000008002ef0                NMI_Handler
 .text.HardFault_Handler
                0x0000000008002ef6        0x6 ./Core/Src/stm32f3xx_it.o
                0x0000000008002ef6                HardFault_Handler
 .text.MemManage_Handler
                0x0000000008002efc        0x6 ./Core/Src/stm32f3xx_it.o
                0x0000000008002efc                MemManage_Handler
 .text.BusFault_Handler
                0x0000000008002f02        0x6 ./Core/Src/stm32f3xx_it.o
                0x0000000008002f02                BusFault_Handler
 .text.UsageFault_Handler
                0x0000000008002f08        0x6 ./Core/Src/stm32f3xx_it.o
                0x0000000008002f08                UsageFault_Handler
 .text.SVC_Handler
                0x0000000008002f0e        0xe ./Core/Src/stm32f3xx_it.o
                0x0000000008002f0e                SVC_Handler
 .text.DebugMon_Handler
                0x0000000008002f1c        0xe ./Core/Src/stm32f3xx_it.o
                0x0000000008002f1c                DebugMon_Handler
 .text.PendSV_Handler
                0x0000000008002f2a        0xe ./Core/Src/stm32f3xx_it.o
                0x0000000008002f2a                PendSV_Handler
 .text.SysTick_Handler
                0x0000000008002f38        0xc ./Core/Src/stm32f3xx_it.o
                0x0000000008002f38                SysTick_Handler
 .text.DMA1_Channel2_IRQHandler
                0x0000000008002f44       0x14 ./Core/Src/stm32f3xx_it.o
                0x0000000008002f44                DMA1_Channel2_IRQHandler
 .text.EXTI9_5_IRQHandler
                0x0000000008002f58        0xe ./Core/Src/stm32f3xx_it.o
                0x0000000008002f58                EXTI9_5_IRQHandler
 *fill*         0x0000000008002f66        0x2 
 .text.TIM1_UP_TIM16_IRQHandler
                0x0000000008002f68       0x1c ./Core/Src/stm32f3xx_it.o
                0x0000000008002f68                TIM1_UP_TIM16_IRQHandler
 .text.TIM1_TRG_COM_TIM17_IRQHandler
                0x0000000008002f84       0x1c ./Core/Src/stm32f3xx_it.o
                0x0000000008002f84                TIM1_TRG_COM_TIM17_IRQHandler
 .text.USART2_IRQHandler
                0x0000000008002fa0       0x14 ./Core/Src/stm32f3xx_it.o
                0x0000000008002fa0                USART2_IRQHandler
 .text.EXTI15_10_IRQHandler
                0x0000000008002fb4       0x20 ./Core/Src/stm32f3xx_it.o
                0x0000000008002fb4                EXTI15_10_IRQHandler
 .text._sbrk    0x0000000008002fd4       0x6c ./Core/Src/sysmem.o
                0x0000000008002fd4                _sbrk
 .text.SystemInit
                0x0000000008003040       0x24 ./Core/Src/system_stm32f3xx.o
                0x0000000008003040                SystemInit
 .text.MX_TIM1_Init
                0x0000000008003064      0x158 ./Core/Src/tim.o
                0x0000000008003064                MX_TIM1_Init
 .text.MX_TIM2_Init
                0x00000000080031bc       0xb4 ./Core/Src/tim.o
                0x00000000080031bc                MX_TIM2_Init
 .text.MX_TIM3_Init
                0x0000000008003270       0xb4 ./Core/Src/tim.o
                0x0000000008003270                MX_TIM3_Init
 .text.MX_TIM4_Init
                0x0000000008003324       0xb4 ./Core/Src/tim.o
                0x0000000008003324                MX_TIM4_Init
 .text.MX_TIM16_Init
                0x00000000080033d8       0x4c ./Core/Src/tim.o
                0x00000000080033d8                MX_TIM16_Init
 .text.MX_TIM17_Init
                0x0000000008003424       0x50 ./Core/Src/tim.o
                0x0000000008003424                MX_TIM17_Init
 .text.HAL_TIM_Base_MspInit
                0x0000000008003474      0x124 ./Core/Src/tim.o
                0x0000000008003474                HAL_TIM_Base_MspInit
 .text.HAL_TIM_PWM_MspInit
                0x0000000008003598       0x8c ./Core/Src/tim.o
                0x0000000008003598                HAL_TIM_PWM_MspInit
 .text.HAL_TIM_MspPostInit
                0x0000000008003624      0x150 ./Core/Src/tim.o
                0x0000000008003624                HAL_TIM_MspPostInit
 .text.MX_USART2_UART_Init
                0x0000000008003774       0x64 ./Core/Src/usart.o
                0x0000000008003774                MX_USART2_UART_Init
 .text.HAL_UART_MspInit
                0x00000000080037d8       0x94 ./Core/Src/usart.o
                0x00000000080037d8                HAL_UART_MspInit
 .text.Reset_Handler
                0x000000000800386c       0x50 ./Core/Startup/startup_stm32f303retx.o
                0x000000000800386c                Reset_Handler
 .text.Default_Handler
                0x00000000080038bc        0x2 ./Core/Startup/startup_stm32f303retx.o
                0x00000000080038bc                RTC_Alarm_IRQHandler
                0x00000000080038bc                TIM8_TRG_COM_IRQHandler
                0x00000000080038bc                TIM8_CC_IRQHandler
                0x00000000080038bc                SPI4_IRQHandler
                0x00000000080038bc                TIM1_CC_IRQHandler
                0x00000000080038bc                USB_HP_IRQHandler
                0x00000000080038bc                PVD_IRQHandler
                0x00000000080038bc                TAMP_STAMP_IRQHandler
                0x00000000080038bc                EXTI3_IRQHandler
                0x00000000080038bc                I2C3_ER_IRQHandler
                0x00000000080038bc                USB_HP_CAN_TX_IRQHandler
                0x00000000080038bc                EXTI0_IRQHandler
                0x00000000080038bc                I2C2_EV_IRQHandler
                0x00000000080038bc                FPU_IRQHandler
                0x00000000080038bc                ADC1_2_IRQHandler
                0x00000000080038bc                SPI1_IRQHandler
                0x00000000080038bc                CAN_SCE_IRQHandler
                0x00000000080038bc                TIM6_DAC_IRQHandler
                0x00000000080038bc                TIM8_UP_IRQHandler
                0x00000000080038bc                DMA2_Channel2_IRQHandler
                0x00000000080038bc                DMA1_Channel4_IRQHandler
                0x00000000080038bc                TIM20_TRG_COM_IRQHandler
                0x00000000080038bc                USART3_IRQHandler
                0x00000000080038bc                DMA1_Channel7_IRQHandler
                0x00000000080038bc                UART5_IRQHandler
                0x00000000080038bc                ADC3_IRQHandler
                0x00000000080038bc                TIM4_IRQHandler
                0x00000000080038bc                CAN_RX1_IRQHandler
                0x00000000080038bc                DMA2_Channel1_IRQHandler
                0x00000000080038bc                I2C1_EV_IRQHandler
                0x00000000080038bc                DMA1_Channel6_IRQHandler
                0x00000000080038bc                UART4_IRQHandler
                0x00000000080038bc                DMA2_Channel4_IRQHandler
                0x00000000080038bc                TIM3_IRQHandler
                0x00000000080038bc                RCC_IRQHandler
                0x00000000080038bc                TIM20_UP_IRQHandler
                0x00000000080038bc                DMA1_Channel1_IRQHandler
                0x00000000080038bc                Default_Handler
                0x00000000080038bc                USBWakeUp_RMP_IRQHandler
                0x00000000080038bc                TIM7_IRQHandler
                0x00000000080038bc                I2C3_EV_IRQHandler
                0x00000000080038bc                RTC_WKUP_IRQHandler
                0x00000000080038bc                SPI2_IRQHandler
                0x00000000080038bc                USB_LP_CAN_RX0_IRQHandler
                0x00000000080038bc                DMA2_Channel5_IRQHandler
                0x00000000080038bc                DMA1_Channel5_IRQHandler
                0x00000000080038bc                USB_LP_IRQHandler
                0x00000000080038bc                EXTI4_IRQHandler
                0x00000000080038bc                DMA1_Channel3_IRQHandler
                0x00000000080038bc                ADC4_IRQHandler
                0x00000000080038bc                WWDG_IRQHandler
                0x00000000080038bc                TIM2_IRQHandler
                0x00000000080038bc                COMP7_IRQHandler
                0x00000000080038bc                COMP1_2_3_IRQHandler
                0x00000000080038bc                EXTI1_IRQHandler
                0x00000000080038bc                COMP4_5_6_IRQHandler
                0x00000000080038bc                TIM20_BRK_IRQHandler
                0x00000000080038bc                I2C2_ER_IRQHandler
                0x00000000080038bc                TIM8_BRK_IRQHandler
                0x00000000080038bc                FLASH_IRQHandler
                0x00000000080038bc                TIM20_CC_IRQHandler
                0x00000000080038bc                USART1_IRQHandler
                0x00000000080038bc                SPI3_IRQHandler
                0x00000000080038bc                I2C1_ER_IRQHandler
                0x00000000080038bc                FMC_IRQHandler
                0x00000000080038bc                USBWakeUp_IRQHandler
                0x00000000080038bc                DMA2_Channel3_IRQHandler
                0x00000000080038bc                EXTI2_TSC_IRQHandler
                0x00000000080038bc                TIM1_BRK_TIM15_IRQHandler
 *fill*         0x00000000080038be        0x2 
 .text.HAL_Init
                0x00000000080038c0       0x2c ./Drivers/STM32F3xx_HAL_Driver/Src/stm32f3xx_hal.o
                0x00000000080038c0                HAL_Init
 .text.HAL_InitTick
                0x00000000080038ec       0x60 ./Drivers/STM32F3xx_HAL_Driver/Src/stm32f3xx_hal.o
                0x00000000080038ec                HAL_InitTick
 .text.HAL_IncTick
                0x000000000800394c       0x28 ./Drivers/STM32F3xx_HAL_Driver/Src/stm32f3xx_hal.o
                0x000000000800394c                HAL_IncTick
 .text.HAL_GetTick
                0x0000000008003974       0x18 ./Drivers/STM32F3xx_HAL_Driver/Src/stm32f3xx_hal.o
                0x0000000008003974                HAL_GetTick
 .text.HAL_Delay
                0x000000000800398c       0x48 ./Drivers/STM32F3xx_HAL_Driver/Src/stm32f3xx_hal.o
                0x000000000800398c                HAL_Delay
 .text.HAL_ADC_Init
                0x00000000080039d4      0x3f4 ./Drivers/STM32F3xx_HAL_Driver/Src/stm32f3xx_hal_adc_ex.o
                0x00000000080039d4                HAL_ADC_Init
 .text.HAL_ADC_Start
                0x0000000008003dc8      0x22c ./Drivers/STM32F3xx_HAL_Driver/Src/stm32f3xx_hal_adc_ex.o
                0x0000000008003dc8                HAL_ADC_Start
 .text.HAL_ADC_PollForConversion
                0x0000000008003ff4      0x204 ./Drivers/STM32F3xx_HAL_Driver/Src/stm32f3xx_hal_adc_ex.o
                0x0000000008003ff4                HAL_ADC_PollForConversion
 .text.HAL_ADC_GetValue
                0x00000000080041f8       0x1a ./Drivers/STM32F3xx_HAL_Driver/Src/stm32f3xx_hal_adc_ex.o
                0x00000000080041f8                HAL_ADC_GetValue
 *fill*         0x0000000008004212        0x2 
 .text.HAL_ADC_ConfigChannel
                0x0000000008004214      0x5d8 ./Drivers/STM32F3xx_HAL_Driver/Src/stm32f3xx_hal_adc_ex.o
                0x0000000008004214                HAL_ADC_ConfigChannel
 .text.HAL_ADCEx_MultiModeConfigChannel
                0x00000000080047ec      0x1e4 ./Drivers/STM32F3xx_HAL_Driver/Src/stm32f3xx_hal_adc_ex.o
                0x00000000080047ec                HAL_ADCEx_MultiModeConfigChannel
 .text.ADC_Enable
                0x00000000080049d0       0xc8 ./Drivers/STM32F3xx_HAL_Driver/Src/stm32f3xx_hal_adc_ex.o
 .text.ADC_Disable
                0x0000000008004a98       0xcc ./Drivers/STM32F3xx_HAL_Driver/Src/stm32f3xx_hal_adc_ex.o
 .text.__NVIC_SetPriorityGrouping
                0x0000000008004b64       0x48 ./Drivers/STM32F3xx_HAL_Driver/Src/stm32f3xx_hal_cortex.o
 .text.__NVIC_GetPriorityGrouping
                0x0000000008004bac       0x1c ./Drivers/STM32F3xx_HAL_Driver/Src/stm32f3xx_hal_cortex.o
 .text.__NVIC_EnableIRQ
                0x0000000008004bc8       0x3c ./Drivers/STM32F3xx_HAL_Driver/Src/stm32f3xx_hal_cortex.o
 .text.__NVIC_SetPriority
                0x0000000008004c04       0x54 ./Drivers/STM32F3xx_HAL_Driver/Src/stm32f3xx_hal_cortex.o
 .text.NVIC_EncodePriority
                0x0000000008004c58       0x66 ./Drivers/STM32F3xx_HAL_Driver/Src/stm32f3xx_hal_cortex.o
 *fill*         0x0000000008004cbe        0x2 
 .text.SysTick_Config
                0x0000000008004cc0       0x44 ./Drivers/STM32F3xx_HAL_Driver/Src/stm32f3xx_hal_cortex.o
 .text.HAL_NVIC_SetPriorityGrouping
                0x0000000008004d04       0x16 ./Drivers/STM32F3xx_HAL_Driver/Src/stm32f3xx_hal_cortex.o
                0x0000000008004d04                HAL_NVIC_SetPriorityGrouping
 .text.HAL_NVIC_SetPriority
                0x0000000008004d1a       0x38 ./Drivers/STM32F3xx_HAL_Driver/Src/stm32f3xx_hal_cortex.o
                0x0000000008004d1a                HAL_NVIC_SetPriority
 .text.HAL_NVIC_EnableIRQ
                0x0000000008004d52       0x1c ./Drivers/STM32F3xx_HAL_Driver/Src/stm32f3xx_hal_cortex.o
                0x0000000008004d52                HAL_NVIC_EnableIRQ
 .text.HAL_SYSTICK_Config
                0x0000000008004d6e       0x18 ./Drivers/STM32F3xx_HAL_Driver/Src/stm32f3xx_hal_cortex.o
                0x0000000008004d6e                HAL_SYSTICK_Config
 .text.HAL_DAC_Init
                0x0000000008004d86       0x44 ./Drivers/STM32F3xx_HAL_Driver/Src/stm32f3xx_hal_dac.o
                0x0000000008004d86                HAL_DAC_Init
 .text.HAL_DAC_SetValue
                0x0000000008004dca       0x4a ./Drivers/STM32F3xx_HAL_Driver/Src/stm32f3xx_hal_dac_ex.o
                0x0000000008004dca                HAL_DAC_SetValue
 .text.HAL_DAC_Start
                0x0000000008004e14       0x96 ./Drivers/STM32F3xx_HAL_Driver/Src/stm32f3xx_hal_dac_ex.o
                0x0000000008004e14                HAL_DAC_Start
 .text.HAL_DAC_ConfigChannel
                0x0000000008004eaa       0x9a ./Drivers/STM32F3xx_HAL_Driver/Src/stm32f3xx_hal_dac_ex.o
                0x0000000008004eaa                HAL_DAC_ConfigChannel
 .text.HAL_DMA_Init
                0x0000000008004f44       0x8e ./Drivers/STM32F3xx_HAL_Driver/Src/stm32f3xx_hal_dma.o
                0x0000000008004f44                HAL_DMA_Init
 .text.HAL_DMA_Abort
                0x0000000008004fd2       0x72 ./Drivers/STM32F3xx_HAL_Driver/Src/stm32f3xx_hal_dma.o
                0x0000000008004fd2                HAL_DMA_Abort
 .text.HAL_DMA_Abort_IT
                0x0000000008005044       0x7c ./Drivers/STM32F3xx_HAL_Driver/Src/stm32f3xx_hal_dma.o
                0x0000000008005044                HAL_DMA_Abort_IT
 .text.HAL_DMA_IRQHandler
                0x00000000080050c0      0x146 ./Drivers/STM32F3xx_HAL_Driver/Src/stm32f3xx_hal_dma.o
                0x00000000080050c0                HAL_DMA_IRQHandler
 *fill*         0x0000000008005206        0x2 
 .text.DMA_CalcBaseAndBitshift
                0x0000000008005208       0x78 ./Drivers/STM32F3xx_HAL_Driver/Src/stm32f3xx_hal_dma.o
 .text.HAL_GPIO_Init
                0x0000000008005280      0x314 ./Drivers/STM32F3xx_HAL_Driver/Src/stm32f3xx_hal_gpio.o
                0x0000000008005280                HAL_GPIO_Init
 .text.HAL_GPIO_ReadPin
                0x0000000008005594       0x30 ./Drivers/STM32F3xx_HAL_Driver/Src/stm32f3xx_hal_gpio.o
                0x0000000008005594                HAL_GPIO_ReadPin
 .text.HAL_GPIO_WritePin
                0x00000000080055c4       0x30 ./Drivers/STM32F3xx_HAL_Driver/Src/stm32f3xx_hal_gpio.o
                0x00000000080055c4                HAL_GPIO_WritePin
 .text.HAL_GPIO_TogglePin
                0x00000000080055f4       0x34 ./Drivers/STM32F3xx_HAL_Driver/Src/stm32f3xx_hal_gpio.o
                0x00000000080055f4                HAL_GPIO_TogglePin
 .text.HAL_GPIO_EXTI_IRQHandler
                0x0000000008005628       0x30 ./Drivers/STM32F3xx_HAL_Driver/Src/stm32f3xx_hal_gpio.o
                0x0000000008005628                HAL_GPIO_EXTI_IRQHandler
 .text.HAL_I2C_Init
                0x0000000008005658      0x11e ./Drivers/STM32F3xx_HAL_Driver/Src/stm32f3xx_hal_i2c.o
                0x0000000008005658                HAL_I2C_Init
 *fill*         0x0000000008005776        0x2 
 .text.HAL_I2C_Mem_Write
                0x0000000008005778      0x228 ./Drivers/STM32F3xx_HAL_Driver/Src/stm32f3xx_hal_i2c.o
                0x0000000008005778                HAL_I2C_Mem_Write
 .text.HAL_I2C_Mem_Read
                0x00000000080059a0      0x234 ./Drivers/STM32F3xx_HAL_Driver/Src/stm32f3xx_hal_i2c.o
                0x00000000080059a0                HAL_I2C_Mem_Read
 .text.I2C_RequestMemoryWrite
                0x0000000008005bd4       0xa8 ./Drivers/STM32F3xx_HAL_Driver/Src/stm32f3xx_hal_i2c.o
 .text.I2C_RequestMemoryRead
                0x0000000008005c7c       0xa8 ./Drivers/STM32F3xx_HAL_Driver/Src/stm32f3xx_hal_i2c.o
 .text.I2C_Flush_TXDR
                0x0000000008005d24       0x48 ./Drivers/STM32F3xx_HAL_Driver/Src/stm32f3xx_hal_i2c.o
 .text.I2C_WaitOnFlagUntilTimeout
                0x0000000008005d6c       0x80 ./Drivers/STM32F3xx_HAL_Driver/Src/stm32f3xx_hal_i2c.o
 .text.I2C_WaitOnTXISFlagUntilTimeout
                0x0000000008005dec       0x80 ./Drivers/STM32F3xx_HAL_Driver/Src/stm32f3xx_hal_i2c.o
 .text.I2C_WaitOnSTOPFlagUntilTimeout
                0x0000000008005e6c       0x78 ./Drivers/STM32F3xx_HAL_Driver/Src/stm32f3xx_hal_i2c.o
 .text.I2C_IsAcknowledgeFailed
                0x0000000008005ee4       0xec ./Drivers/STM32F3xx_HAL_Driver/Src/stm32f3xx_hal_i2c.o
 .text.I2C_TransferConfig
                0x0000000008005fd0       0x5c ./Drivers/STM32F3xx_HAL_Driver/Src/stm32f3xx_hal_i2c.o
 .text.HAL_I2CEx_ConfigAnalogFilter
                0x000000000800602c       0x96 ./Drivers/STM32F3xx_HAL_Driver/Src/stm32f3xx_hal_i2c_ex.o
                0x000000000800602c                HAL_I2CEx_ConfigAnalogFilter
 .text.HAL_I2CEx_ConfigDigitalFilter
                0x00000000080060c2       0x98 ./Drivers/STM32F3xx_HAL_Driver/Src/stm32f3xx_hal_i2c_ex.o
                0x00000000080060c2                HAL_I2CEx_ConfigDigitalFilter
 *fill*         0x000000000800615a        0x2 
 .text.HAL_RCC_OscConfig
                0x000000000800615c     0x10a8 ./Drivers/STM32F3xx_HAL_Driver/Src/stm32f3xx_hal_rcc.o
                0x000000000800615c                HAL_RCC_OscConfig
 .text.HAL_RCC_ClockConfig
                0x0000000008007204      0x2f8 ./Drivers/STM32F3xx_HAL_Driver/Src/stm32f3xx_hal_rcc.o
                0x0000000008007204                HAL_RCC_ClockConfig
 .text.HAL_RCC_GetSysClockFreq
                0x00000000080074fc       0xd4 ./Drivers/STM32F3xx_HAL_Driver/Src/stm32f3xx_hal_rcc.o
                0x00000000080074fc                HAL_RCC_GetSysClockFreq
 .text.HAL_RCC_GetHCLKFreq
                0x00000000080075d0       0x18 ./Drivers/STM32F3xx_HAL_Driver/Src/stm32f3xx_hal_rcc.o
                0x00000000080075d0                HAL_RCC_GetHCLKFreq
 .text.HAL_RCC_GetPCLK1Freq
                0x00000000080075e8       0x44 ./Drivers/STM32F3xx_HAL_Driver/Src/stm32f3xx_hal_rcc.o
                0x00000000080075e8                HAL_RCC_GetPCLK1Freq
 .text.HAL_RCC_GetPCLK2Freq
                0x000000000800762c       0x44 ./Drivers/STM32F3xx_HAL_Driver/Src/stm32f3xx_hal_rcc.o
                0x000000000800762c                HAL_RCC_GetPCLK2Freq
 .text.HAL_RCCEx_PeriphCLKConfig
                0x0000000008007670      0x43c ./Drivers/STM32F3xx_HAL_Driver/Src/stm32f3xx_hal_rcc_ex.o
                0x0000000008007670                HAL_RCCEx_PeriphCLKConfig
 .text.HAL_TIM_Base_Init
                0x0000000008007aac       0xae ./Drivers/STM32F3xx_HAL_Driver/Src/stm32f3xx_hal_tim.o
                0x0000000008007aac                HAL_TIM_Base_Init
 *fill*         0x0000000008007b5a        0x2 
 .text.HAL_TIM_Base_Start_IT
                0x0000000008007b5c       0xe0 ./Drivers/STM32F3xx_HAL_Driver/Src/stm32f3xx_hal_tim.o
                0x0000000008007b5c                HAL_TIM_Base_Start_IT
 .text.HAL_TIM_PWM_Init
                0x0000000008007c3c       0xae ./Drivers/STM32F3xx_HAL_Driver/Src/stm32f3xx_hal_tim.o
                0x0000000008007c3c                HAL_TIM_PWM_Init
 *fill*         0x0000000008007cea        0x2 
 .text.HAL_TIM_PWM_Start
                0x0000000008007cec      0x218 ./Drivers/STM32F3xx_HAL_Driver/Src/stm32f3xx_hal_tim.o
                0x0000000008007cec                HAL_TIM_PWM_Start
 .text.HAL_TIM_IRQHandler
                0x0000000008007f04      0x23e ./Drivers/STM32F3xx_HAL_Driver/Src/stm32f3xx_hal_tim.o
                0x0000000008007f04                HAL_TIM_IRQHandler
 *fill*         0x0000000008008142        0x2 
 .text.HAL_TIM_PWM_ConfigChannel
                0x0000000008008144      0x228 ./Drivers/STM32F3xx_HAL_Driver/Src/stm32f3xx_hal_tim.o
                0x0000000008008144                HAL_TIM_PWM_ConfigChannel
 .text.HAL_TIM_ConfigClockSource
                0x000000000800836c      0x192 ./Drivers/STM32F3xx_HAL_Driver/Src/stm32f3xx_hal_tim.o
                0x000000000800836c                HAL_TIM_ConfigClockSource
 .text.HAL_TIM_OC_DelayElapsedCallback
                0x00000000080084fe       0x14 ./Drivers/STM32F3xx_HAL_Driver/Src/stm32f3xx_hal_tim.o
                0x00000000080084fe                HAL_TIM_OC_DelayElapsedCallback
 .text.HAL_TIM_IC_CaptureCallback
                0x0000000008008512       0x14 ./Drivers/STM32F3xx_HAL_Driver/Src/stm32f3xx_hal_tim.o
                0x0000000008008512                HAL_TIM_IC_CaptureCallback
 .text.HAL_TIM_PWM_PulseFinishedCallback
                0x0000000008008526       0x14 ./Drivers/STM32F3xx_HAL_Driver/Src/stm32f3xx_hal_tim.o
                0x0000000008008526                HAL_TIM_PWM_PulseFinishedCallback
 .text.HAL_TIM_TriggerCallback
                0x000000000800853a       0x14 ./Drivers/STM32F3xx_HAL_Driver/Src/stm32f3xx_hal_tim.o
                0x000000000800853a                HAL_TIM_TriggerCallback
 *fill*         0x000000000800854e        0x2 
 .text.TIM_Base_SetConfig
                0x0000000008008550      0x13c ./Drivers/STM32F3xx_HAL_Driver/Src/stm32f3xx_hal_tim.o
                0x0000000008008550                TIM_Base_SetConfig
 .text.TIM_OC1_SetConfig
                0x000000000800868c      0x134 ./Drivers/STM32F3xx_HAL_Driver/Src/stm32f3xx_hal_tim.o
 .text.TIM_OC2_SetConfig
                0x00000000080087c0      0x128 ./Drivers/STM32F3xx_HAL_Driver/Src/stm32f3xx_hal_tim.o
                0x00000000080087c0                TIM_OC2_SetConfig
 .text.TIM_OC3_SetConfig
                0x00000000080088e8      0x124 ./Drivers/STM32F3xx_HAL_Driver/Src/stm32f3xx_hal_tim.o
 .text.TIM_OC4_SetConfig
                0x0000000008008a0c       0xe0 ./Drivers/STM32F3xx_HAL_Driver/Src/stm32f3xx_hal_tim.o
 .text.TIM_OC5_SetConfig
                0x0000000008008aec       0xd4 ./Drivers/STM32F3xx_HAL_Driver/Src/stm32f3xx_hal_tim.o
 .text.TIM_OC6_SetConfig
                0x0000000008008bc0       0xd8 ./Drivers/STM32F3xx_HAL_Driver/Src/stm32f3xx_hal_tim.o
 .text.TIM_TI1_ConfigInputStage
                0x0000000008008c98       0x5e ./Drivers/STM32F3xx_HAL_Driver/Src/stm32f3xx_hal_tim.o
 .text.TIM_TI2_ConfigInputStage
                0x0000000008008cf6       0x60 ./Drivers/STM32F3xx_HAL_Driver/Src/stm32f3xx_hal_tim.o
 .text.TIM_ITRx_SetConfig
                0x0000000008008d56       0x36 ./Drivers/STM32F3xx_HAL_Driver/Src/stm32f3xx_hal_tim.o
 .text.TIM_ETR_SetConfig
                0x0000000008008d8c       0x40 ./Drivers/STM32F3xx_HAL_Driver/Src/stm32f3xx_hal_tim.o
                0x0000000008008d8c                TIM_ETR_SetConfig
 .text.TIM_CCxChannelCmd
                0x0000000008008dcc       0x4a ./Drivers/STM32F3xx_HAL_Driver/Src/stm32f3xx_hal_tim.o
                0x0000000008008dcc                TIM_CCxChannelCmd
 *fill*         0x0000000008008e16        0x2 
 .text.HAL_TIMEx_MasterConfigSynchronization
                0x0000000008008e18      0x118 ./Drivers/STM32F3xx_HAL_Driver/Src/stm32f3xx_hal_tim_ex.o
                0x0000000008008e18                HAL_TIMEx_MasterConfigSynchronization
 .text.HAL_TIMEx_ConfigBreakDeadTime
                0x0000000008008f30      0x10c ./Drivers/STM32F3xx_HAL_Driver/Src/stm32f3xx_hal_tim_ex.o
                0x0000000008008f30                HAL_TIMEx_ConfigBreakDeadTime
 .text.HAL_TIMEx_CommutCallback
                0x000000000800903c       0x14 ./Drivers/STM32F3xx_HAL_Driver/Src/stm32f3xx_hal_tim_ex.o
                0x000000000800903c                HAL_TIMEx_CommutCallback
 .text.HAL_TIMEx_BreakCallback
                0x0000000008009050       0x14 ./Drivers/STM32F3xx_HAL_Driver/Src/stm32f3xx_hal_tim_ex.o
                0x0000000008009050                HAL_TIMEx_BreakCallback
 .text.HAL_TIMEx_Break2Callback
                0x0000000008009064       0x14 ./Drivers/STM32F3xx_HAL_Driver/Src/stm32f3xx_hal_tim_ex.o
                0x0000000008009064                HAL_TIMEx_Break2Callback
 .text.HAL_UART_Init
                0x0000000008009078       0x9c ./Drivers/STM32F3xx_HAL_Driver/Src/stm32f3xx_hal_uart.o
                0x0000000008009078                HAL_UART_Init
 .text.HAL_UART_Transmit
                0x0000000008009114      0x128 ./Drivers/STM32F3xx_HAL_Driver/Src/stm32f3xx_hal_uart.o
                0x0000000008009114                HAL_UART_Transmit
 .text.HAL_UART_Receive_IT
                0x000000000800923c       0x9c ./Drivers/STM32F3xx_HAL_Driver/Src/stm32f3xx_hal_uart.o
                0x000000000800923c                HAL_UART_Receive_IT
 .text.HAL_UART_IRQHandler
                0x00000000080092d8      0x5bc ./Drivers/STM32F3xx_HAL_Driver/Src/stm32f3xx_hal_uart.o
                0x00000000080092d8                HAL_UART_IRQHandler
 .text.HAL_UART_TxCpltCallback
                0x0000000008009894       0x14 ./Drivers/STM32F3xx_HAL_Driver/Src/stm32f3xx_hal_uart.o
                0x0000000008009894                HAL_UART_TxCpltCallback
 .text.HAL_UART_ErrorCallback
                0x00000000080098a8       0x14 ./Drivers/STM32F3xx_HAL_Driver/Src/stm32f3xx_hal_uart.o
                0x00000000080098a8                HAL_UART_ErrorCallback
 .text.HAL_UARTEx_RxEventCallback
                0x00000000080098bc       0x18 ./Drivers/STM32F3xx_HAL_Driver/Src/stm32f3xx_hal_uart.o
                0x00000000080098bc                HAL_UARTEx_RxEventCallback
 .text.UART_SetConfig
                0x00000000080098d4      0x3ac ./Drivers/STM32F3xx_HAL_Driver/Src/stm32f3xx_hal_uart.o
                0x00000000080098d4                UART_SetConfig
 .text.UART_AdvFeatureConfig
                0x0000000008009c80      0x144 ./Drivers/STM32F3xx_HAL_Driver/Src/stm32f3xx_hal_uart.o
                0x0000000008009c80                UART_AdvFeatureConfig
 .text.UART_CheckIdleState
                0x0000000008009dc4       0x92 ./Drivers/STM32F3xx_HAL_Driver/Src/stm32f3xx_hal_uart.o
                0x0000000008009dc4                UART_CheckIdleState
 .text.UART_WaitOnFlagUntilTimeout
                0x0000000008009e56      0x188 ./Drivers/STM32F3xx_HAL_Driver/Src/stm32f3xx_hal_uart.o
                0x0000000008009e56                UART_WaitOnFlagUntilTimeout
 *fill*         0x0000000008009fde        0x2 
 .text.UART_Start_Receive_IT
                0x0000000008009fe0      0x158 ./Drivers/STM32F3xx_HAL_Driver/Src/stm32f3xx_hal_uart.o
                0x0000000008009fe0                UART_Start_Receive_IT
 .text.UART_EndRxTransfer
                0x000000000800a138       0xc6 ./Drivers/STM32F3xx_HAL_Driver/Src/stm32f3xx_hal_uart.o
 .text.UART_DMAAbortOnError
                0x000000000800a1fe       0x2c ./Drivers/STM32F3xx_HAL_Driver/Src/stm32f3xx_hal_uart.o
 .text.UART_EndTransmit_IT
                0x000000000800a22a       0x54 ./Drivers/STM32F3xx_HAL_Driver/Src/stm32f3xx_hal_uart.o
 .text.UART_RxISR_8BIT
                0x000000000800a27e      0x15c ./Drivers/STM32F3xx_HAL_Driver/Src/stm32f3xx_hal_uart.o
 .text.UART_RxISR_16BIT
                0x000000000800a3da      0x15c ./Drivers/STM32F3xx_HAL_Driver/Src/stm32f3xx_hal_uart.o
 .text.HAL_UARTEx_WakeupCallback
                0x000000000800a536       0x14 ./Drivers/STM32F3xx_HAL_Driver/Src/stm32f3xx_hal_uart_ex.o
                0x000000000800a536                HAL_UARTEx_WakeupCallback
 .text.atoi     0x000000000800a54a        0x8 c:/st/stm32cubeide_1.11.0/stm32cubeide/plugins/com.st.stm32cube.ide.mcu.externaltools.gnu-tools-for-stm32.10.3-2021.10.win32_1.0.100.202210260954/tools/bin/../lib/gcc/arm-none-eabi/10.3.1/../../../../arm-none-eabi/lib/thumb/v7e-m+fp/hard\libc_nano.a(lib_a-atoi.o)
                0x000000000800a54a                atoi
 *fill*         0x000000000800a552        0x2 
 .text.__errno  0x000000000800a554        0xc c:/st/stm32cubeide_1.11.0/stm32cubeide/plugins/com.st.stm32cube.ide.mcu.externaltools.gnu-tools-for-stm32.10.3-2021.10.win32_1.0.100.202210260954/tools/bin/../lib/gcc/arm-none-eabi/10.3.1/../../../../arm-none-eabi/lib/thumb/v7e-m+fp/hard\libc_nano.a(lib_a-errno.o)
                0x000000000800a554                __errno
 .text.__libc_init_array
                0x000000000800a560       0x48 c:/st/stm32cubeide_1.11.0/stm32cubeide/plugins/com.st.stm32cube.ide.mcu.externaltools.gnu-tools-for-stm32.10.3-2021.10.win32_1.0.100.202210260954/tools/bin/../lib/gcc/arm-none-eabi/10.3.1/../../../../arm-none-eabi/lib/thumb/v7e-m+fp/hard\libc_nano.a(lib_a-init.o)
                0x000000000800a560                __libc_init_array
 .text.memcpy   0x000000000800a5a8       0x1c c:/st/stm32cubeide_1.11.0/stm32cubeide/plugins/com.st.stm32cube.ide.mcu.externaltools.gnu-tools-for-stm32.10.3-2021.10.win32_1.0.100.202210260954/tools/bin/../lib/gcc/arm-none-eabi/10.3.1/../../../../arm-none-eabi/lib/thumb/v7e-m+fp/hard\libc_nano.a(lib_a-memcpy-stub.o)
                0x000000000800a5a8                memcpy
 .text.memset   0x000000000800a5c4       0x10 c:/st/stm32cubeide_1.11.0/stm32cubeide/plugins/com.st.stm32cube.ide.mcu.externaltools.gnu-tools-for-stm32.10.3-2021.10.win32_1.0.100.202210260954/tools/bin/../lib/gcc/arm-none-eabi/10.3.1/../../../../arm-none-eabi/lib/thumb/v7e-m+fp/hard\libc_nano.a(lib_a-memset.o)
                0x000000000800a5c4                memset
 .text.sprintf  0x000000000800a5d4       0x40 c:/st/stm32cubeide_1.11.0/stm32cubeide/plugins/com.st.stm32cube.ide.mcu.externaltools.gnu-tools-for-stm32.10.3-2021.10.win32_1.0.100.202210260954/tools/bin/../lib/gcc/arm-none-eabi/10.3.1/../../../../arm-none-eabi/lib/thumb/v7e-m+fp/hard\libc_nano.a(lib_a-sprintf.o)
                0x000000000800a5d4                siprintf
                0x000000000800a5d4                sprintf
 .text.strcat   0x000000000800a614       0x1e c:/st/stm32cubeide_1.11.0/stm32cubeide/plugins/com.st.stm32cube.ide.mcu.externaltools.gnu-tools-for-stm32.10.3-2021.10.win32_1.0.100.202210260954/tools/bin/../lib/gcc/arm-none-eabi/10.3.1/../../../../arm-none-eabi/lib/thumb/v7e-m+fp/hard\libc_nano.a(lib_a-strcat.o)
                0x000000000800a614                strcat
 .text.strcpy   0x000000000800a632       0x10 c:/st/stm32cubeide_1.11.0/stm32cubeide/plugins/com.st.stm32cube.ide.mcu.externaltools.gnu-tools-for-stm32.10.3-2021.10.win32_1.0.100.202210260954/tools/bin/../lib/gcc/arm-none-eabi/10.3.1/../../../../arm-none-eabi/lib/thumb/v7e-m+fp/hard\libc_nano.a(lib_a-strcpy.o)
                0x000000000800a632                strcpy
 .text.strncat  0x000000000800a642       0x26 c:/st/stm32cubeide_1.11.0/stm32cubeide/plugins/com.st.stm32cube.ide.mcu.externaltools.gnu-tools-for-stm32.10.3-2021.10.win32_1.0.100.202210260954/tools/bin/../lib/gcc/arm-none-eabi/10.3.1/../../../../arm-none-eabi/lib/thumb/v7e-m+fp/hard\libc_nano.a(lib_a-strncat.o)
                0x000000000800a642                strncat
 .text._strtol_l.constprop.0
                0x000000000800a668      0x104 c:/st/stm32cubeide_1.11.0/stm32cubeide/plugins/com.st.stm32cube.ide.mcu.externaltools.gnu-tools-for-stm32.10.3-2021.10.win32_1.0.100.202210260954/tools/bin/../lib/gcc/arm-none-eabi/10.3.1/../../../../arm-none-eabi/lib/thumb/v7e-m+fp/hard\libc_nano.a(lib_a-strtol.o)
 .text.strtol   0x000000000800a76c       0x14 c:/st/stm32cubeide_1.11.0/stm32cubeide/plugins/com.st.stm32cube.ide.mcu.externaltools.gnu-tools-for-stm32.10.3-2021.10.win32_1.0.100.202210260954/tools/bin/../lib/gcc/arm-none-eabi/10.3.1/../../../../arm-none-eabi/lib/thumb/v7e-m+fp/hard\libc_nano.a(lib_a-strtol.o)
                0x000000000800a76c                strtol
 .text.__ssputs_r
                0x000000000800a780       0xb6 c:/st/stm32cubeide_1.11.0/stm32cubeide/plugins/com.st.stm32cube.ide.mcu.externaltools.gnu-tools-for-stm32.10.3-2021.10.win32_1.0.100.202210260954/tools/bin/../lib/gcc/arm-none-eabi/10.3.1/../../../../arm-none-eabi/lib/thumb/v7e-m+fp/hard\libc_nano.a(lib_a-nano-svfprintf.o)
                0x000000000800a780                __ssputs_r
 *fill*         0x000000000800a836        0x2 
 .text._svfprintf_r
                0x000000000800a838      0x200 c:/st/stm32cubeide_1.11.0/stm32cubeide/plugins/com.st.stm32cube.ide.mcu.externaltools.gnu-tools-for-stm32.10.3-2021.10.win32_1.0.100.202210260954/tools/bin/../lib/gcc/arm-none-eabi/10.3.1/../../../../arm-none-eabi/lib/thumb/v7e-m+fp/hard\libc_nano.a(lib_a-nano-svfprintf.o)
                0x000000000800a838                _svfiprintf_r
                0x000000000800a838                _svfprintf_r
 .text._printf_common
                0x000000000800aa38       0xda c:/st/stm32cubeide_1.11.0/stm32cubeide/plugins/com.st.stm32cube.ide.mcu.externaltools.gnu-tools-for-stm32.10.3-2021.10.win32_1.0.100.202210260954/tools/bin/../lib/gcc/arm-none-eabi/10.3.1/../../../../arm-none-eabi/lib/thumb/v7e-m+fp/hard\libc_nano.a(lib_a-nano-vfprintf_i.o)
                0x000000000800aa38                _printf_common
 *fill*         0x000000000800ab12        0x2 
 .text._printf_i
                0x000000000800ab14      0x24c c:/st/stm32cubeide_1.11.0/stm32cubeide/plugins/com.st.stm32cube.ide.mcu.externaltools.gnu-tools-for-stm32.10.3-2021.10.win32_1.0.100.202210260954/tools/bin/../lib/gcc/arm-none-eabi/10.3.1/../../../../arm-none-eabi/lib/thumb/v7e-m+fp/hard\libc_nano.a(lib_a-nano-vfprintf_i.o)
                0x000000000800ab14                _printf_i
 .text.memmove  0x000000000800ad60       0x34 c:/st/stm32cubeide_1.11.0/stm32cubeide/plugins/com.st.stm32cube.ide.mcu.externaltools.gnu-tools-for-stm32.10.3-2021.10.win32_1.0.100.202210260954/tools/bin/../lib/gcc/arm-none-eabi/10.3.1/../../../../arm-none-eabi/lib/thumb/v7e-m+fp/hard\libc_nano.a(lib_a-memmove.o)
                0x000000000800ad60                memmove
 .text._free_r  0x000000000800ad94       0x98 c:/st/stm32cubeide_1.11.0/stm32cubeide/plugins/com.st.stm32cube.ide.mcu.externaltools.gnu-tools-for-stm32.10.3-2021.10.win32_1.0.100.202210260954/tools/bin/../lib/gcc/arm-none-eabi/10.3.1/../../../../arm-none-eabi/lib/thumb/v7e-m+fp/hard\libc_nano.a(lib_a-nano-freer.o)
                0x000000000800ad94                _free_r
 .text.sbrk_aligned
                0x000000000800ae2c       0x40 c:/st/stm32cubeide_1.11.0/stm32cubeide/plugins/com.st.stm32cube.ide.mcu.externaltools.gnu-tools-for-stm32.10.3-2021.10.win32_1.0.100.202210260954/tools/bin/../lib/gcc/arm-none-eabi/10.3.1/../../../../arm-none-eabi/lib/thumb/v7e-m+fp/hard\libc_nano.a(lib_a-nano-mallocr.o)
 .text._malloc_r
                0x000000000800ae6c       0xe8 c:/st/stm32cubeide_1.11.0/stm32cubeide/plugins/com.st.stm32cube.ide.mcu.externaltools.gnu-tools-for-stm32.10.3-2021.10.win32_1.0.100.202210260954/tools/bin/../lib/gcc/arm-none-eabi/10.3.1/../../../../arm-none-eabi/lib/thumb/v7e-m+fp/hard\libc_nano.a(lib_a-nano-mallocr.o)
                0x000000000800ae6c                _malloc_r
 .text._realloc_r
                0x000000000800af54       0x5e c:/st/stm32cubeide_1.11.0/stm32cubeide/plugins/com.st.stm32cube.ide.mcu.externaltools.gnu-tools-for-stm32.10.3-2021.10.win32_1.0.100.202210260954/tools/bin/../lib/gcc/arm-none-eabi/10.3.1/../../../../arm-none-eabi/lib/thumb/v7e-m+fp/hard\libc_nano.a(lib_a-nano-reallocr.o)
                0x000000000800af54                _realloc_r
 *fill*         0x000000000800afb2        0x2 
 .text._sbrk_r  0x000000000800afb4       0x20 c:/st/stm32cubeide_1.11.0/stm32cubeide/plugins/com.st.stm32cube.ide.mcu.externaltools.gnu-tools-for-stm32.10.3-2021.10.win32_1.0.100.202210260954/tools/bin/../lib/gcc/arm-none-eabi/10.3.1/../../../../arm-none-eabi/lib/thumb/v7e-m+fp/hard\libc_nano.a(lib_a-sbrkr.o)
                0x000000000800afb4                _sbrk_r
 .text.__malloc_lock
                0x000000000800afd4        0xc c:/st/stm32cubeide_1.11.0/stm32cubeide/plugins/com.st.stm32cube.ide.mcu.externaltools.gnu-tools-for-stm32.10.3-2021.10.win32_1.0.100.202210260954/tools/bin/../lib/gcc/arm-none-eabi/10.3.1/../../../../arm-none-eabi/lib/thumb/v7e-m+fp/hard\libc_nano.a(lib_a-mlock.o)
                0x000000000800afd4                __malloc_lock
 .text.__malloc_unlock
                0x000000000800afe0        0xc c:/st/stm32cubeide_1.11.0/stm32cubeide/plugins/com.st.stm32cube.ide.mcu.externaltools.gnu-tools-for-stm32.10.3-2021.10.win32_1.0.100.202210260954/tools/bin/../lib/gcc/arm-none-eabi/10.3.1/../../../../arm-none-eabi/lib/thumb/v7e-m+fp/hard\libc_nano.a(lib_a-mlock.o)
                0x000000000800afe0                __malloc_unlock
 .text._malloc_usable_size_r
                0x000000000800afec       0x10 c:/st/stm32cubeide_1.11.0/stm32cubeide/plugins/com.st.stm32cube.ide.mcu.externaltools.gnu-tools-for-stm32.10.3-2021.10.win32_1.0.100.202210260954/tools/bin/../lib/gcc/arm-none-eabi/10.3.1/../../../../arm-none-eabi/lib/thumb/v7e-m+fp/hard\libc_nano.a(lib_a-nano-msizer.o)
                0x000000000800afec                _malloc_usable_size_r
 .text.__retarget_lock_acquire_recursive
                0x000000000800affc        0x2 c:/st/stm32cubeide_1.11.0/stm32cubeide/plugins/com.st.stm32cube.ide.mcu.externaltools.gnu-tools-for-stm32.10.3-2021.10.win32_1.0.100.202210260954/tools/bin/../lib/gcc/arm-none-eabi/10.3.1/../../../../arm-none-eabi/lib/thumb/v7e-m+fp/hard\libc_nano.a(lib_a-lock.o)
                0x000000000800affc                __retarget_lock_acquire_recursive
 .text.__retarget_lock_release_recursive
                0x000000000800affe        0x2 c:/st/stm32cubeide_1.11.0/stm32cubeide/plugins/com.st.stm32cube.ide.mcu.externaltools.gnu-tools-for-stm32.10.3-2021.10.win32_1.0.100.202210260954/tools/bin/../lib/gcc/arm-none-eabi/10.3.1/../../../../arm-none-eabi/lib/thumb/v7e-m+fp/hard\libc_nano.a(lib_a-lock.o)
                0x000000000800affe                __retarget_lock_release_recursive
 *(.glue_7)
 .glue_7        0x000000000800b000        0x0 linker stubs
 *(.glue_7t)
 .glue_7t       0x000000000800b000        0x0 linker stubs
 *(.eh_frame)
 .eh_frame      0x000000000800b000        0x0 c:/st/stm32cubeide_1.11.0/stm32cubeide/plugins/com.st.stm32cube.ide.mcu.externaltools.gnu-tools-for-stm32.10.3-2021.10.win32_1.0.100.202210260954/tools/bin/../lib/gcc/arm-none-eabi/10.3.1/thumb/v7e-m+fp/hard/crtbegin.o
 *(.init)
 .init          0x000000000800b000        0x4 c:/st/stm32cubeide_1.11.0/stm32cubeide/plugins/com.st.stm32cube.ide.mcu.externaltools.gnu-tools-for-stm32.10.3-2021.10.win32_1.0.100.202210260954/tools/bin/../lib/gcc/arm-none-eabi/10.3.1/thumb/v7e-m+fp/hard/crti.o
                0x000000000800b000                _init
 .init          0x000000000800b004        0x8 c:/st/stm32cubeide_1.11.0/stm32cubeide/plugins/com.st.stm32cube.ide.mcu.externaltools.gnu-tools-for-stm32.10.3-2021.10.win32_1.0.100.202210260954/tools/bin/../lib/gcc/arm-none-eabi/10.3.1/thumb/v7e-m+fp/hard/crtn.o
 *(.fini)
 .fini          0x000000000800b00c        0x4 c:/st/stm32cubeide_1.11.0/stm32cubeide/plugins/com.st.stm32cube.ide.mcu.externaltools.gnu-tools-for-stm32.10.3-2021.10.win32_1.0.100.202210260954/tools/bin/../lib/gcc/arm-none-eabi/10.3.1/thumb/v7e-m+fp/hard/crti.o
                0x000000000800b00c                _fini
 .fini          0x000000000800b010        0x8 c:/st/stm32cubeide_1.11.0/stm32cubeide/plugins/com.st.stm32cube.ide.mcu.externaltools.gnu-tools-for-stm32.10.3-2021.10.win32_1.0.100.202210260954/tools/bin/../lib/gcc/arm-none-eabi/10.3.1/thumb/v7e-m+fp/hard/crtn.o
                0x000000000800b018                . = ALIGN (0x4)
                0x000000000800b018                _etext = .

.vfp11_veneer   0x000000000800b018        0x0
 .vfp11_veneer  0x000000000800b018        0x0 linker stubs

.v4_bx          0x000000000800b018        0x0
 .v4_bx         0x000000000800b018        0x0 linker stubs

.iplt           0x000000000800b018        0x0
 .iplt          0x000000000800b018        0x0 c:/st/stm32cubeide_1.11.0/stm32cubeide/plugins/com.st.stm32cube.ide.mcu.externaltools.gnu-tools-for-stm32.10.3-2021.10.win32_1.0.100.202210260954/tools/bin/../lib/gcc/arm-none-eabi/10.3.1/thumb/v7e-m+fp/hard/crtbegin.o

.rodata         0x000000000800b018      0x1ac
                0x000000000800b018                . = ALIGN (0x4)
 *(.rodata)
 .rodata        0x000000000800b018       0x2a ./Core/Src/Functions.o
 *fill*         0x000000000800b042        0x2 
 .rodata        0x000000000800b044        0xa ./Core/Src/Morse.o
 *fill*         0x000000000800b04e        0x2 
 .rodata        0x000000000800b050        0x6 ./Core/Src/TrackPad.o
 *(.rodata*)
 *fill*         0x000000000800b056        0x2 
 .rodata.AHBPrescTable
                0x000000000800b058       0x10 ./Core/Src/system_stm32f3xx.o
                0x000000000800b058                AHBPrescTable
 .rodata.APBPrescTable
                0x000000000800b068        0x8 ./Core/Src/system_stm32f3xx.o
                0x000000000800b068                APBPrescTable
 .rodata.aPLLMULFactorTable
                0x000000000800b070       0x10 ./Drivers/STM32F3xx_HAL_Driver/Src/stm32f3xx_hal_rcc.o
                0x000000000800b070                aPLLMULFactorTable
 .rodata.aPredivFactorTable
                0x000000000800b080       0x10 ./Drivers/STM32F3xx_HAL_Driver/Src/stm32f3xx_hal_rcc.o
                0x000000000800b080                aPredivFactorTable
 .rodata._ctype_
                0x000000000800b090      0x101 c:/st/stm32cubeide_1.11.0/stm32cubeide/plugins/com.st.stm32cube.ide.mcu.externaltools.gnu-tools-for-stm32.10.3-2021.10.win32_1.0.100.202210260954/tools/bin/../lib/gcc/arm-none-eabi/10.3.1/../../../../arm-none-eabi/lib/thumb/v7e-m+fp/hard\libc_nano.a(lib_a-ctype_.o)
                0x000000000800b090                _ctype_
 .rodata._svfprintf_r.str1.1
                0x000000000800b191       0x11 c:/st/stm32cubeide_1.11.0/stm32cubeide/plugins/com.st.stm32cube.ide.mcu.externaltools.gnu-tools-for-stm32.10.3-2021.10.win32_1.0.100.202210260954/tools/bin/../lib/gcc/arm-none-eabi/10.3.1/../../../../arm-none-eabi/lib/thumb/v7e-m+fp/hard\libc_nano.a(lib_a-nano-svfprintf.o)
 .rodata._printf_i.str1.1
                0x000000000800b1a2       0x22 c:/st/stm32cubeide_1.11.0/stm32cubeide/plugins/com.st.stm32cube.ide.mcu.externaltools.gnu-tools-for-stm32.10.3-2021.10.win32_1.0.100.202210260954/tools/bin/../lib/gcc/arm-none-eabi/10.3.1/../../../../arm-none-eabi/lib/thumb/v7e-m+fp/hard\libc_nano.a(lib_a-nano-vfprintf_i.o)
                0x000000000800b1c4                . = ALIGN (0x4)

.rel.dyn        0x000000000800b1c4        0x0
 .rel.iplt      0x000000000800b1c4        0x0 c:/st/stm32cubeide_1.11.0/stm32cubeide/plugins/com.st.stm32cube.ide.mcu.externaltools.gnu-tools-for-stm32.10.3-2021.10.win32_1.0.100.202210260954/tools/bin/../lib/gcc/arm-none-eabi/10.3.1/thumb/v7e-m+fp/hard/crtbegin.o

.ARM.extab      0x000000000800b1c4        0x0
                0x000000000800b1c4                . = ALIGN (0x4)
 *(.ARM.extab* .gnu.linkonce.armextab.*)
                0x000000000800b1c4                . = ALIGN (0x4)

.ARM            0x000000000800b1c4        0x0
                0x000000000800b1c4                . = ALIGN (0x4)
                0x000000000800b1c4                __exidx_start = .
 *(.ARM.exidx*)
                0x000000000800b1c4                __exidx_end = .
                0x000000000800b1c4                . = ALIGN (0x4)

.preinit_array  0x000000000800b1c4        0x0
                0x000000000800b1c4                . = ALIGN (0x4)
                0x000000000800b1c4                PROVIDE (__preinit_array_start = .)
 *(.preinit_array*)
                0x000000000800b1c4                PROVIDE (__preinit_array_end = .)
                0x000000000800b1c4                . = ALIGN (0x4)

.init_array     0x000000000800b1c4        0x4
                0x000000000800b1c4                . = ALIGN (0x4)
                0x000000000800b1c4                PROVIDE (__init_array_start = .)
 *(SORT_BY_NAME(.init_array.*))
 *(.init_array*)
 .init_array    0x000000000800b1c4        0x4 c:/st/stm32cubeide_1.11.0/stm32cubeide/plugins/com.st.stm32cube.ide.mcu.externaltools.gnu-tools-for-stm32.10.3-2021.10.win32_1.0.100.202210260954/tools/bin/../lib/gcc/arm-none-eabi/10.3.1/thumb/v7e-m+fp/hard/crtbegin.o
                0x000000000800b1c8                PROVIDE (__init_array_end = .)
                0x000000000800b1c8                . = ALIGN (0x4)

.fini_array     0x000000000800b1c8        0x4
                0x000000000800b1c8                . = ALIGN (0x4)
                [!provide]                        PROVIDE (__fini_array_start = .)
 *(SORT_BY_NAME(.fini_array.*))
 *(.fini_array*)
 .fini_array    0x000000000800b1c8        0x4 c:/st/stm32cubeide_1.11.0/stm32cubeide/plugins/com.st.stm32cube.ide.mcu.externaltools.gnu-tools-for-stm32.10.3-2021.10.win32_1.0.100.202210260954/tools/bin/../lib/gcc/arm-none-eabi/10.3.1/thumb/v7e-m+fp/hard/crtbegin.o
                [!provide]                        PROVIDE (__fini_array_end = .)
                0x000000000800b1cc                . = ALIGN (0x4)
                0x000000000800b1cc                _sidata = LOADADDR (.data)

.data           0x0000000020000000      0x190 load address 0x000000000800b1cc
                0x0000000020000000                . = ALIGN (0x4)
                0x0000000020000000                _sdata = .
 *(.data)
 *(.data*)
 .data.slider_value
                0x0000000020000000        0x4 ./Core/Src/Functions.o
                0x0000000020000000                slider_value
 .data.prev_slider_value
                0x0000000020000004        0x4 ./Core/Src/Functions.o
                0x0000000020000004                prev_slider_value
 .data.Buffer   0x0000000020000008        0x1 ./Core/Src/Functions.o
                0x0000000020000008                Buffer
 *fill*         0x0000000020000009        0x3 
 .data.Param2   0x000000002000000c        0x4 ./Core/Src/Functions.o
                0x000000002000000c                Param2
 .data.MorseParam2
                0x0000000020000010        0x4 ./Core/Src/Functions.o
                0x0000000020000010                MorseParam2
 .data.CustomMessage
                0x0000000020000014       0x19 ./Core/Src/Functions.o
                0x0000000020000014                CustomMessage
 *fill*         0x000000002000002d        0x3 
 .data.SOS_Morse
                0x0000000020000030        0xc ./Core/Src/Functions.o
                0x0000000020000030                SOS_Morse
 .data.Morse_Length
                0x000000002000003c        0x1 ./Core/Src/Functions.o
                0x000000002000003c                Morse_Length
 .data.Custom_Length
                0x000000002000003d        0x1 ./Core/Src/Functions.o
                0x000000002000003d                Custom_Length
 .data.Time_Units
                0x000000002000003e        0x1 ./Core/Src/Functions.o
                0x000000002000003e                Time_Units
 *fill*         0x000000002000003f        0x1 
 .data.A        0x0000000020000040        0x3 ./Core/Src/Morse.o
                0x0000000020000040                A
 *fill*         0x0000000020000043        0x1 
 .data.B        0x0000000020000044        0x4 ./Core/Src/Morse.o
                0x0000000020000044                B
 .data.C        0x0000000020000048        0x5 ./Core/Src/Morse.o
                0x0000000020000048                C
 *fill*         0x000000002000004d        0x3 
 .data.D        0x0000000020000050        0x4 ./Core/Src/Morse.o
                0x0000000020000050                D
 .data.E        0x0000000020000054        0x2 ./Core/Src/Morse.o
                0x0000000020000054                E
 *fill*         0x0000000020000056        0x2 
 .data.F        0x0000000020000058        0x5 ./Core/Src/Morse.o
                0x0000000020000058                F
 *fill*         0x000000002000005d        0x3 
 .data.G        0x0000000020000060        0x4 ./Core/Src/Morse.o
                0x0000000020000060                G
 .data.H        0x0000000020000064        0x5 ./Core/Src/Morse.o
                0x0000000020000064                H
 *fill*         0x0000000020000069        0x3 
 .data.I        0x000000002000006c        0x3 ./Core/Src/Morse.o
                0x000000002000006c                I
 *fill*         0x000000002000006f        0x1 
 .data.J        0x0000000020000070        0x5 ./Core/Src/Morse.o
                0x0000000020000070                J
 *fill*         0x0000000020000075        0x3 
 .data.K        0x0000000020000078        0x4 ./Core/Src/Morse.o
                0x0000000020000078                K
 .data.L        0x000000002000007c        0x5 ./Core/Src/Morse.o
                0x000000002000007c                L
 *fill*         0x0000000020000081        0x3 
 .data.M        0x0000000020000084        0x3 ./Core/Src/Morse.o
                0x0000000020000084                M
 *fill*         0x0000000020000087        0x1 
 .data.N        0x0000000020000088        0x3 ./Core/Src/Morse.o
                0x0000000020000088                N
 *fill*         0x000000002000008b        0x1 
 .data.O        0x000000002000008c        0x4 ./Core/Src/Morse.o
                0x000000002000008c                O
 .data.P        0x0000000020000090        0x5 ./Core/Src/Morse.o
                0x0000000020000090                P
 *fill*         0x0000000020000095        0x3 
 .data.Q        0x0000000020000098        0x5 ./Core/Src/Morse.o
                0x0000000020000098                Q
 *fill*         0x000000002000009d        0x3 
 .data.R        0x00000000200000a0        0x4 ./Core/Src/Morse.o
                0x00000000200000a0                R
 .data.S        0x00000000200000a4        0x4 ./Core/Src/Morse.o
                0x00000000200000a4                S
 .data.T        0x00000000200000a8        0x2 ./Core/Src/Morse.o
                0x00000000200000a8                T
 *fill*         0x00000000200000aa        0x2 
 .data.U        0x00000000200000ac        0x4 ./Core/Src/Morse.o
                0x00000000200000ac                U
 .data.V        0x00000000200000b0        0x4 ./Core/Src/Morse.o
                0x00000000200000b0                V
 .data.W        0x00000000200000b4        0x4 ./Core/Src/Morse.o
                0x00000000200000b4                W
 .data.X        0x00000000200000b8        0x5 ./Core/Src/Morse.o
                0x00000000200000b8                X
 *fill*         0x00000000200000bd        0x3 
 .data.Y        0x00000000200000c0        0x5 ./Core/Src/Morse.o
                0x00000000200000c0                Y
 *fill*         0x00000000200000c5        0x3 
 .data.Z        0x00000000200000c8        0x5 ./Core/Src/Morse.o
                0x00000000200000c8                Z
 *fill*         0x00000000200000cd        0x3 
 .data.ONE      0x00000000200000d0        0x6 ./Core/Src/Morse.o
                0x00000000200000d0                ONE
 *fill*         0x00000000200000d6        0x2 
 .data.TWO      0x00000000200000d8        0x6 ./Core/Src/Morse.o
                0x00000000200000d8                TWO
 *fill*         0x00000000200000de        0x2 
 .data.THREE    0x00000000200000e0        0x6 ./Core/Src/Morse.o
                0x00000000200000e0                THREE
 *fill*         0x00000000200000e6        0x2 
 .data.FOUR     0x00000000200000e8        0x6 ./Core/Src/Morse.o
                0x00000000200000e8                FOUR
 *fill*         0x00000000200000ee        0x2 
 .data.FIVE     0x00000000200000f0        0x6 ./Core/Src/Morse.o
                0x00000000200000f0                FIVE
 *fill*         0x00000000200000f6        0x2 
 .data.SIX      0x00000000200000f8        0x6 ./Core/Src/Morse.o
                0x00000000200000f8                SIX
 *fill*         0x00000000200000fe        0x2 
 .data.SEVEN    0x0000000020000100        0x6 ./Core/Src/Morse.o
                0x0000000020000100                SEVEN
 *fill*         0x0000000020000106        0x2 
 .data.EIGHT    0x0000000020000108        0x6 ./Core/Src/Morse.o
                0x0000000020000108                EIGHT
 *fill*         0x000000002000010e        0x2 
 .data.NINE     0x0000000020000110        0x6 ./Core/Src/Morse.o
                0x0000000020000110                NINE
 .data.Prev_State_Middle
                0x0000000020000116        0x1 ./Core/Src/gpio.o
                0x0000000020000116                Prev_State_Middle
 .data.Prev_State_Right
                0x0000000020000117        0x1 ./Core/Src/gpio.o
                0x0000000020000117                Prev_State_Right
 .data.Prev_State_Left
                0x0000000020000118        0x1 ./Core/Src/gpio.o
                0x0000000020000118                Prev_State_Left
 .data.current_state
                0x0000000020000119        0x1 ./Core/Src/gpio.o
                0x0000000020000119                current_state
 .data.current_emergency
                0x000000002000011a        0x1 ./Core/Src/gpio.o
                0x000000002000011a                current_emergency
 *fill*         0x000000002000011b        0x1 
 .data.Strobe_Time
                0x000000002000011c        0x2 ./Core/Src/gpio.o
                0x000000002000011c                Strobe_Time
 *fill*         0x000000002000011e        0x2 
 .data.SystemCoreClock
                0x0000000020000120        0x4 ./Core/Src/system_stm32f3xx.o
                0x0000000020000120                SystemCoreClock
 .data.uwTickPrio
                0x0000000020000124        0x4 ./Drivers/STM32F3xx_HAL_Driver/Src/stm32f3xx_hal.o
                0x0000000020000124                uwTickPrio
 .data.uwTickFreq
                0x0000000020000128        0x1 ./Drivers/STM32F3xx_HAL_Driver/Src/stm32f3xx_hal.o
                0x0000000020000128                uwTickFreq
 *fill*         0x0000000020000129        0x3 
 .data._impure_ptr
                0x000000002000012c        0x4 c:/st/stm32cubeide_1.11.0/stm32cubeide/plugins/com.st.stm32cube.ide.mcu.externaltools.gnu-tools-for-stm32.10.3-2021.10.win32_1.0.100.202210260954/tools/bin/../lib/gcc/arm-none-eabi/10.3.1/../../../../arm-none-eabi/lib/thumb/v7e-m+fp/hard\libc_nano.a(lib_a-impure.o)
                0x000000002000012c                _impure_ptr
 .data.impure_data
                0x0000000020000130       0x60 c:/st/stm32cubeide_1.11.0/stm32cubeide/plugins/com.st.stm32cube.ide.mcu.externaltools.gnu-tools-for-stm32.10.3-2021.10.win32_1.0.100.202210260954/tools/bin/../lib/gcc/arm-none-eabi/10.3.1/../../../../arm-none-eabi/lib/thumb/v7e-m+fp/hard\libc_nano.a(lib_a-impure.o)
 *(.RamFunc)
 *(.RamFunc*)
                0x0000000020000190                . = ALIGN (0x4)
                0x0000000020000190                _edata = .
                0x000000000800b35c                _siccmram = LOADADDR (.ccmram)

.igot.plt       0x0000000020000190        0x0 load address 0x000000000800b35c
 .igot.plt      0x0000000020000190        0x0 c:/st/stm32cubeide_1.11.0/stm32cubeide/plugins/com.st.stm32cube.ide.mcu.externaltools.gnu-tools-for-stm32.10.3-2021.10.win32_1.0.100.202210260954/tools/bin/../lib/gcc/arm-none-eabi/10.3.1/thumb/v7e-m+fp/hard/crtbegin.o

.ccmram         0x0000000010000000        0x0 load address 0x000000000800b35c
                0x0000000010000000                . = ALIGN (0x4)
                0x0000000010000000                _sccmram = .
 *(.ccmram)
 *(.ccmram*)
                0x0000000010000000                . = ALIGN (0x4)
                0x0000000010000000                _eccmram = .
                0x0000000010000000                . = ALIGN (0x4)

.bss            0x0000000020000190      0x3e4
                0x0000000020000190                _sbss = .
                0x0000000020000190                __bss_start__ = _sbss
 *(.bss)
 .bss           0x0000000020000190       0x1c c:/st/stm32cubeide_1.11.0/stm32cubeide/plugins/com.st.stm32cube.ide.mcu.externaltools.gnu-tools-for-stm32.10.3-2021.10.win32_1.0.100.202210260954/tools/bin/../lib/gcc/arm-none-eabi/10.3.1/thumb/v7e-m+fp/hard/crtbegin.o
 *(.bss*)
 .bss.Light_Intensity
                0x00000000200001ac        0x2 ./Core/Src/Functions.o
                0x00000000200001ac                Light_Intensity
 *fill*         0x00000000200001ae        0x2 
 .bss.Mode      0x00000000200001b0        0x2 ./Core/Src/Functions.o
                0x00000000200001b0                Mode
 *fill*         0x00000000200001b2        0x2 
 .bss.State     0x00000000200001b4        0x4 ./Core/Src/Functions.o
                0x00000000200001b4                State
 .bss.Param1    0x00000000200001b8        0x4 ./Core/Src/Functions.o
                0x00000000200001b8                Param1
 .bss.State_int
                0x00000000200001bc        0x2 ./Core/Src/Functions.o
                0x00000000200001bc                State_int
 .bss.Param1_int
                0x00000000200001be        0x2 ./Core/Src/Functions.o
                0x00000000200001be                Param1_int
 .bss.Param2_int
                0x00000000200001c0        0x2 ./Core/Src/Functions.o
                0x00000000200001c0                Param2_int
 .bss.TrackPadReady
                0x00000000200001c2        0x1 ./Core/Src/Functions.o
                0x00000000200001c2                TrackPadReady
 .bss.HoldFlag  0x00000000200001c3        0x1 ./Core/Src/Functions.o
                0x00000000200001c3                HoldFlag
 .bss.slideDelay
                0x00000000200001c4        0x1 ./Core/Src/Functions.o
                0x00000000200001c4                slideDelay
 *fill*         0x00000000200001c5        0x1 
 .bss.prevabsX  0x00000000200001c6        0x2 ./Core/Src/Functions.o
                0x00000000200001c6                prevabsX
 .bss.slideTime
                0x00000000200001c8        0x4 ./Core/Src/Functions.o
                0x00000000200001c8                slideTime
 .bss.Command   0x00000000200001cc       0x19 ./Core/Src/Functions.o
                0x00000000200001cc                Command
 .bss.UART_Index
                0x00000000200001e5        0x1 ./Core/Src/Functions.o
                0x00000000200001e5                UART_Index
 *fill*         0x00000000200001e6        0x2 
 .bss.DisplayState
                0x00000000200001e8       0x13 ./Core/Src/Functions.o
                0x00000000200001e8                DisplayState
 .bss.CustomSet
                0x00000000200001fb        0x1 ./Core/Src/Functions.o
                0x00000000200001fb                CustomSet
 .bss.hadc1     0x00000000200001fc       0x50 ./Core/Src/adc.o
                0x00000000200001fc                hadc1
 .bss.hdac1     0x000000002000024c       0x14 ./Core/Src/dac.o
                0x000000002000024c                hdac1
 .bss.White_LED
                0x0000000020000260        0x1 ./Core/Src/gpio.o
                0x0000000020000260                White_LED
 *fill*         0x0000000020000261        0x3 
 .bss.Last_Button_Press
                0x0000000020000264        0x4 ./Core/Src/gpio.o
                0x0000000020000264                Last_Button_Press
 .bss.Button_State
                0x0000000020000268        0x1 ./Core/Src/gpio.o
                0x0000000020000268                Button_State
 *fill*         0x0000000020000269        0x3 
 .bss.Current_Time
                0x000000002000026c        0x4 ./Core/Src/gpio.o
                0x000000002000026c                Current_Time
 .bss.Strobe_Flag
                0x0000000020000270        0x1 ./Core/Src/gpio.o
                0x0000000020000270                Strobe_Flag
 *fill*         0x0000000020000271        0x1 
 .bss.Strobe_Count
                0x0000000020000272        0x2 ./Core/Src/gpio.o
                0x0000000020000272                Strobe_Count
 .bss.Morse_Index
                0x0000000020000274        0x1 ./Core/Src/gpio.o
                0x0000000020000274                Morse_Index
 *fill*         0x0000000020000275        0x3 
 .bss.hi2c1     0x0000000020000278       0x4c ./Core/Src/i2c.o
                0x0000000020000278                hi2c1
 .bss.Red_Intensity
                0x00000000200002c4        0x2 ./Core/Src/main.o
                0x00000000200002c4                Red_Intensity
 .bss.Green_Intensity
                0x00000000200002c6        0x2 ./Core/Src/main.o
                0x00000000200002c6                Green_Intensity
 .bss.Blue_Intensity
                0x00000000200002c8        0x2 ./Core/Src/main.o
                0x00000000200002c8                Blue_Intensity
 .bss.RxCharacter
                0x00000000200002ca        0x1 ./Core/Src/main.o
                0x00000000200002ca                RxCharacter
 *fill*         0x00000000200002cb        0x1 
 .bss.__sbrk_heap_end
                0x00000000200002cc        0x4 ./Core/Src/sysmem.o
 .bss.htim1     0x00000000200002d0       0x4c ./Core/Src/tim.o
                0x00000000200002d0                htim1
 .bss.htim2     0x000000002000031c       0x4c ./Core/Src/tim.o
                0x000000002000031c                htim2
 .bss.htim3     0x0000000020000368       0x4c ./Core/Src/tim.o
                0x0000000020000368                htim3
 .bss.htim4     0x00000000200003b4       0x4c ./Core/Src/tim.o
                0x00000000200003b4                htim4
 .bss.htim16    0x0000000020000400       0x4c ./Core/Src/tim.o
                0x0000000020000400                htim16
 .bss.htim17    0x000000002000044c       0x4c ./Core/Src/tim.o
                0x000000002000044c                htim17
 .bss.hdma_tim1_ch1
                0x0000000020000498       0x44 ./Core/Src/tim.o
                0x0000000020000498                hdma_tim1_ch1
 .bss.huart2    0x00000000200004dc       0x84 ./Core/Src/usart.o
                0x00000000200004dc                huart2
 .bss.uwTick    0x0000000020000560        0x4 ./Drivers/STM32F3xx_HAL_Driver/Src/stm32f3xx_hal.o
                0x0000000020000560                uwTick
 .bss.__malloc_free_list
                0x0000000020000564        0x4 c:/st/stm32cubeide_1.11.0/stm32cubeide/plugins/com.st.stm32cube.ide.mcu.externaltools.gnu-tools-for-stm32.10.3-2021.10.win32_1.0.100.202210260954/tools/bin/../lib/gcc/arm-none-eabi/10.3.1/../../../../arm-none-eabi/lib/thumb/v7e-m+fp/hard\libc_nano.a(lib_a-nano-mallocr.o)
                0x0000000020000564                __malloc_free_list
 .bss.__malloc_sbrk_start
                0x0000000020000568        0x4 c:/st/stm32cubeide_1.11.0/stm32cubeide/plugins/com.st.stm32cube.ide.mcu.externaltools.gnu-tools-for-stm32.10.3-2021.10.win32_1.0.100.202210260954/tools/bin/../lib/gcc/arm-none-eabi/10.3.1/../../../../arm-none-eabi/lib/thumb/v7e-m+fp/hard\libc_nano.a(lib_a-nano-mallocr.o)
                0x0000000020000568                __malloc_sbrk_start
 .bss.errno     0x000000002000056c        0x4 c:/st/stm32cubeide_1.11.0/stm32cubeide/plugins/com.st.stm32cube.ide.mcu.externaltools.gnu-tools-for-stm32.10.3-2021.10.win32_1.0.100.202210260954/tools/bin/../lib/gcc/arm-none-eabi/10.3.1/../../../../arm-none-eabi/lib/thumb/v7e-m+fp/hard\libc_nano.a(lib_a-reent.o)
                0x000000002000056c                errno
 .bss.__lock___malloc_recursive_mutex
                0x0000000020000570        0x1 c:/st/stm32cubeide_1.11.0/stm32cubeide/plugins/com.st.stm32cube.ide.mcu.externaltools.gnu-tools-for-stm32.10.3-2021.10.win32_1.0.100.202210260954/tools/bin/../lib/gcc/arm-none-eabi/10.3.1/../../../../arm-none-eabi/lib/thumb/v7e-m+fp/hard\libc_nano.a(lib_a-lock.o)
                0x0000000020000570                __lock___malloc_recursive_mutex
 *(COMMON)
                0x0000000020000574                . = ALIGN (0x4)
 *fill*         0x0000000020000571        0x3 
                0x0000000020000574                _ebss = .
                0x0000000020000574                __bss_end__ = _ebss

._user_heap_stack
                0x0000000020000574      0x604
                0x0000000020000578                . = ALIGN (0x8)
 *fill*         0x0000000020000574        0x4 
                [!provide]                        PROVIDE (end = .)
                0x0000000020000578                PROVIDE (_end = .)
                0x0000000020000778                . = (. + _Min_Heap_Size)
 *fill*         0x0000000020000578      0x200 
                0x0000000020000b78                . = (. + _Min_Stack_Size)
 *fill*         0x0000000020000778      0x400 
                0x0000000020000b78                . = ALIGN (0x8)

/DISCARD/
 libc.a(*)
 libm.a(*)
 libgcc.a(*)

.ARM.attributes
                0x0000000000000000       0x30
 *(.ARM.attributes)
 .ARM.attributes
                0x0000000000000000       0x1e c:/st/stm32cubeide_1.11.0/stm32cubeide/plugins/com.st.stm32cube.ide.mcu.externaltools.gnu-tools-for-stm32.10.3-2021.10.win32_1.0.100.202210260954/tools/bin/../lib/gcc/arm-none-eabi/10.3.1/thumb/v7e-m+fp/hard/crti.o
 .ARM.attributes
                0x000000000000001e       0x34 c:/st/stm32cubeide_1.11.0/stm32cubeide/plugins/com.st.stm32cube.ide.mcu.externaltools.gnu-tools-for-stm32.10.3-2021.10.win32_1.0.100.202210260954/tools/bin/../lib/gcc/arm-none-eabi/10.3.1/thumb/v7e-m+fp/hard/crtbegin.o
 .ARM.attributes
                0x0000000000000052       0x34 ./Core/Src/Functions.o
 .ARM.attributes
                0x0000000000000086       0x34 ./Core/Src/Morse.o
 .ARM.attributes
                0x00000000000000ba       0x34 ./Core/Src/TrackPad.o
 .ARM.attributes
                0x00000000000000ee       0x34 ./Core/Src/adc.o
 .ARM.attributes
                0x0000000000000122       0x34 ./Core/Src/dac.o
 .ARM.attributes
                0x0000000000000156       0x34 ./Core/Src/dma.o
 .ARM.attributes
                0x000000000000018a       0x34 ./Core/Src/gpio.o
 .ARM.attributes
                0x00000000000001be       0x34 ./Core/Src/i2c.o
 .ARM.attributes
                0x00000000000001f2       0x34 ./Core/Src/main.o
 .ARM.attributes
                0x0000000000000226       0x34 ./Core/Src/stm32f3xx_hal_msp.o
 .ARM.attributes
                0x000000000000025a       0x34 ./Core/Src/stm32f3xx_it.o
 .ARM.attributes
                0x000000000000028e       0x34 ./Core/Src/sysmem.o
 .ARM.attributes
                0x00000000000002c2       0x34 ./Core/Src/system_stm32f3xx.o
 .ARM.attributes
                0x00000000000002f6       0x34 ./Core/Src/tim.o
 .ARM.attributes
                0x000000000000032a       0x34 ./Core/Src/usart.o
 .ARM.attributes
                0x000000000000035e       0x21 ./Core/Startup/startup_stm32f303retx.o
 .ARM.attributes
                0x000000000000037f       0x34 ./Drivers/STM32F3xx_HAL_Driver/Src/stm32f3xx_hal.o
 .ARM.attributes
                0x00000000000003b3       0x34 ./Drivers/STM32F3xx_HAL_Driver/Src/stm32f3xx_hal_adc_ex.o
 .ARM.attributes
                0x00000000000003e7       0x34 ./Drivers/STM32F3xx_HAL_Driver/Src/stm32f3xx_hal_cortex.o
 .ARM.attributes
                0x000000000000041b       0x34 ./Drivers/STM32F3xx_HAL_Driver/Src/stm32f3xx_hal_dac.o
 .ARM.attributes
                0x000000000000044f       0x34 ./Drivers/STM32F3xx_HAL_Driver/Src/stm32f3xx_hal_dac_ex.o
 .ARM.attributes
                0x0000000000000483       0x34 ./Drivers/STM32F3xx_HAL_Driver/Src/stm32f3xx_hal_dma.o
 .ARM.attributes
                0x00000000000004b7       0x34 ./Drivers/STM32F3xx_HAL_Driver/Src/stm32f3xx_hal_gpio.o
 .ARM.attributes
                0x00000000000004eb       0x34 ./Drivers/STM32F3xx_HAL_Driver/Src/stm32f3xx_hal_i2c.o
 .ARM.attributes
                0x000000000000051f       0x34 ./Drivers/STM32F3xx_HAL_Driver/Src/stm32f3xx_hal_i2c_ex.o
 .ARM.attributes
                0x0000000000000553       0x34 ./Drivers/STM32F3xx_HAL_Driver/Src/stm32f3xx_hal_rcc.o
 .ARM.attributes
                0x0000000000000587       0x34 ./Drivers/STM32F3xx_HAL_Driver/Src/stm32f3xx_hal_rcc_ex.o
 .ARM.attributes
                0x00000000000005bb       0x34 ./Drivers/STM32F3xx_HAL_Driver/Src/stm32f3xx_hal_tim.o
 .ARM.attributes
                0x00000000000005ef       0x34 ./Drivers/STM32F3xx_HAL_Driver/Src/stm32f3xx_hal_tim_ex.o
 .ARM.attributes
                0x0000000000000623       0x34 ./Drivers/STM32F3xx_HAL_Driver/Src/stm32f3xx_hal_uart.o
 .ARM.attributes
                0x0000000000000657       0x34 ./Drivers/STM32F3xx_HAL_Driver/Src/stm32f3xx_hal_uart_ex.o
 .ARM.attributes
                0x000000000000068b       0x34 c:/st/stm32cubeide_1.11.0/stm32cubeide/plugins/com.st.stm32cube.ide.mcu.externaltools.gnu-tools-for-stm32.10.3-2021.10.win32_1.0.100.202210260954/tools/bin/../lib/gcc/arm-none-eabi/10.3.1/../../../../arm-none-eabi/lib/thumb/v7e-m+fp/hard\libc_nano.a(lib_a-atoi.o)
 .ARM.attributes
                0x00000000000006bf       0x34 c:/st/stm32cubeide_1.11.0/stm32cubeide/plugins/com.st.stm32cube.ide.mcu.externaltools.gnu-tools-for-stm32.10.3-2021.10.win32_1.0.100.202210260954/tools/bin/../lib/gcc/arm-none-eabi/10.3.1/../../../../arm-none-eabi/lib/thumb/v7e-m+fp/hard\libc_nano.a(lib_a-errno.o)
 .ARM.attributes
                0x00000000000006f3       0x34 c:/st/stm32cubeide_1.11.0/stm32cubeide/plugins/com.st.stm32cube.ide.mcu.externaltools.gnu-tools-for-stm32.10.3-2021.10.win32_1.0.100.202210260954/tools/bin/../lib/gcc/arm-none-eabi/10.3.1/../../../../arm-none-eabi/lib/thumb/v7e-m+fp/hard\libc_nano.a(lib_a-impure.o)
 .ARM.attributes
                0x0000000000000727       0x34 c:/st/stm32cubeide_1.11.0/stm32cubeide/plugins/com.st.stm32cube.ide.mcu.externaltools.gnu-tools-for-stm32.10.3-2021.10.win32_1.0.100.202210260954/tools/bin/../lib/gcc/arm-none-eabi/10.3.1/../../../../arm-none-eabi/lib/thumb/v7e-m+fp/hard\libc_nano.a(lib_a-init.o)
 .ARM.attributes
                0x000000000000075b       0x34 c:/st/stm32cubeide_1.11.0/stm32cubeide/plugins/com.st.stm32cube.ide.mcu.externaltools.gnu-tools-for-stm32.10.3-2021.10.win32_1.0.100.202210260954/tools/bin/../lib/gcc/arm-none-eabi/10.3.1/../../../../arm-none-eabi/lib/thumb/v7e-m+fp/hard\libc_nano.a(lib_a-memcpy-stub.o)
 .ARM.attributes
                0x000000000000078f       0x34 c:/st/stm32cubeide_1.11.0/stm32cubeide/plugins/com.st.stm32cube.ide.mcu.externaltools.gnu-tools-for-stm32.10.3-2021.10.win32_1.0.100.202210260954/tools/bin/../lib/gcc/arm-none-eabi/10.3.1/../../../../arm-none-eabi/lib/thumb/v7e-m+fp/hard\libc_nano.a(lib_a-memset.o)
 .ARM.attributes
                0x00000000000007c3       0x34 c:/st/stm32cubeide_1.11.0/stm32cubeide/plugins/com.st.stm32cube.ide.mcu.externaltools.gnu-tools-for-stm32.10.3-2021.10.win32_1.0.100.202210260954/tools/bin/../lib/gcc/arm-none-eabi/10.3.1/../../../../arm-none-eabi/lib/thumb/v7e-m+fp/hard\libc_nano.a(lib_a-sprintf.o)
 .ARM.attributes
                0x00000000000007f7       0x34 c:/st/stm32cubeide_1.11.0/stm32cubeide/plugins/com.st.stm32cube.ide.mcu.externaltools.gnu-tools-for-stm32.10.3-2021.10.win32_1.0.100.202210260954/tools/bin/../lib/gcc/arm-none-eabi/10.3.1/../../../../arm-none-eabi/lib/thumb/v7e-m+fp/hard\libc_nano.a(lib_a-strcat.o)
 .ARM.attributes
                0x000000000000082b       0x1c c:/st/stm32cubeide_1.11.0/stm32cubeide/plugins/com.st.stm32cube.ide.mcu.externaltools.gnu-tools-for-stm32.10.3-2021.10.win32_1.0.100.202210260954/tools/bin/../lib/gcc/arm-none-eabi/10.3.1/../../../../arm-none-eabi/lib/thumb/v7e-m+fp/hard\libc_nano.a(lib_a-strcmp.o)
 .ARM.attributes
                0x0000000000000847       0x34 c:/st/stm32cubeide_1.11.0/stm32cubeide/plugins/com.st.stm32cube.ide.mcu.externaltools.gnu-tools-for-stm32.10.3-2021.10.win32_1.0.100.202210260954/tools/bin/../lib/gcc/arm-none-eabi/10.3.1/../../../../arm-none-eabi/lib/thumb/v7e-m+fp/hard\libc_nano.a(lib_a-strcpy.o)
 .ARM.attributes
                0x000000000000087b       0x17 c:/st/stm32cubeide_1.11.0/stm32cubeide/plugins/com.st.stm32cube.ide.mcu.externaltools.gnu-tools-for-stm32.10.3-2021.10.win32_1.0.100.202210260954/tools/bin/../lib/gcc/arm-none-eabi/10.3.1/../../../../arm-none-eabi/lib/thumb/v7e-m+fp/hard\libc_nano.a(lib_a-strlen.o)
 .ARM.attributes
                0x0000000000000892       0x34 c:/st/stm32cubeide_1.11.0/stm32cubeide/plugins/com.st.stm32cube.ide.mcu.externaltools.gnu-tools-for-stm32.10.3-2021.10.win32_1.0.100.202210260954/tools/bin/../lib/gcc/arm-none-eabi/10.3.1/../../../../arm-none-eabi/lib/thumb/v7e-m+fp/hard\libc_nano.a(lib_a-strncat.o)
 .ARM.attributes
                0x00000000000008c6       0x34 c:/st/stm32cubeide_1.11.0/stm32cubeide/plugins/com.st.stm32cube.ide.mcu.externaltools.gnu-tools-for-stm32.10.3-2021.10.win32_1.0.100.202210260954/tools/bin/../lib/gcc/arm-none-eabi/10.3.1/../../../../arm-none-eabi/lib/thumb/v7e-m+fp/hard\libc_nano.a(lib_a-strtol.o)
 .ARM.attributes
                0x00000000000008fa       0x34 c:/st/stm32cubeide_1.11.0/stm32cubeide/plugins/com.st.stm32cube.ide.mcu.externaltools.gnu-tools-for-stm32.10.3-2021.10.win32_1.0.100.202210260954/tools/bin/../lib/gcc/arm-none-eabi/10.3.1/../../../../arm-none-eabi/lib/thumb/v7e-m+fp/hard\libc_nano.a(lib_a-ctype_.o)
 .ARM.attributes
                0x000000000000092e       0x34 c:/st/stm32cubeide_1.11.0/stm32cubeide/plugins/com.st.stm32cube.ide.mcu.externaltools.gnu-tools-for-stm32.10.3-2021.10.win32_1.0.100.202210260954/tools/bin/../lib/gcc/arm-none-eabi/10.3.1/../../../../arm-none-eabi/lib/thumb/v7e-m+fp/hard\libc_nano.a(lib_a-nano-svfprintf.o)
 .ARM.attributes
                0x0000000000000962       0x34 c:/st/stm32cubeide_1.11.0/stm32cubeide/plugins/com.st.stm32cube.ide.mcu.externaltools.gnu-tools-for-stm32.10.3-2021.10.win32_1.0.100.202210260954/tools/bin/../lib/gcc/arm-none-eabi/10.3.1/../../../../arm-none-eabi/lib/thumb/v7e-m+fp/hard\libc_nano.a(lib_a-nano-vfprintf_i.o)
 .ARM.attributes
                0x0000000000000996       0x1c c:/st/stm32cubeide_1.11.0/stm32cubeide/plugins/com.st.stm32cube.ide.mcu.externaltools.gnu-tools-for-stm32.10.3-2021.10.win32_1.0.100.202210260954/tools/bin/../lib/gcc/arm-none-eabi/10.3.1/../../../../arm-none-eabi/lib/thumb/v7e-m+fp/hard\libc_nano.a(lib_a-memchr.o)
 .ARM.attributes
                0x00000000000009b2       0x34 c:/st/stm32cubeide_1.11.0/stm32cubeide/plugins/com.st.stm32cube.ide.mcu.externaltools.gnu-tools-for-stm32.10.3-2021.10.win32_1.0.100.202210260954/tools/bin/../lib/gcc/arm-none-eabi/10.3.1/../../../../arm-none-eabi/lib/thumb/v7e-m+fp/hard\libc_nano.a(lib_a-memmove.o)
 .ARM.attributes
                0x00000000000009e6       0x34 c:/st/stm32cubeide_1.11.0/stm32cubeide/plugins/com.st.stm32cube.ide.mcu.externaltools.gnu-tools-for-stm32.10.3-2021.10.win32_1.0.100.202210260954/tools/bin/../lib/gcc/arm-none-eabi/10.3.1/../../../../arm-none-eabi/lib/thumb/v7e-m+fp/hard\libc_nano.a(lib_a-nano-freer.o)
 .ARM.attributes
                0x0000000000000a1a       0x34 c:/st/stm32cubeide_1.11.0/stm32cubeide/plugins/com.st.stm32cube.ide.mcu.externaltools.gnu-tools-for-stm32.10.3-2021.10.win32_1.0.100.202210260954/tools/bin/../lib/gcc/arm-none-eabi/10.3.1/../../../../arm-none-eabi/lib/thumb/v7e-m+fp/hard\libc_nano.a(lib_a-nano-mallocr.o)
 .ARM.attributes
                0x0000000000000a4e       0x34 c:/st/stm32cubeide_1.11.0/stm32cubeide/plugins/com.st.stm32cube.ide.mcu.externaltools.gnu-tools-for-stm32.10.3-2021.10.win32_1.0.100.202210260954/tools/bin/../lib/gcc/arm-none-eabi/10.3.1/../../../../arm-none-eabi/lib/thumb/v7e-m+fp/hard\libc_nano.a(lib_a-nano-reallocr.o)
 .ARM.attributes
                0x0000000000000a82       0x34 c:/st/stm32cubeide_1.11.0/stm32cubeide/plugins/com.st.stm32cube.ide.mcu.externaltools.gnu-tools-for-stm32.10.3-2021.10.win32_1.0.100.202210260954/tools/bin/../lib/gcc/arm-none-eabi/10.3.1/../../../../arm-none-eabi/lib/thumb/v7e-m+fp/hard\libc_nano.a(lib_a-sbrkr.o)
 .ARM.attributes
                0x0000000000000ab6       0x34 c:/st/stm32cubeide_1.11.0/stm32cubeide/plugins/com.st.stm32cube.ide.mcu.externaltools.gnu-tools-for-stm32.10.3-2021.10.win32_1.0.100.202210260954/tools/bin/../lib/gcc/arm-none-eabi/10.3.1/../../../../arm-none-eabi/lib/thumb/v7e-m+fp/hard\libc_nano.a(lib_a-mlock.o)
 .ARM.attributes
                0x0000000000000aea       0x34 c:/st/stm32cubeide_1.11.0/stm32cubeide/plugins/com.st.stm32cube.ide.mcu.externaltools.gnu-tools-for-stm32.10.3-2021.10.win32_1.0.100.202210260954/tools/bin/../lib/gcc/arm-none-eabi/10.3.1/../../../../arm-none-eabi/lib/thumb/v7e-m+fp/hard\libc_nano.a(lib_a-nano-msizer.o)
 .ARM.attributes
                0x0000000000000b1e       0x34 c:/st/stm32cubeide_1.11.0/stm32cubeide/plugins/com.st.stm32cube.ide.mcu.externaltools.gnu-tools-for-stm32.10.3-2021.10.win32_1.0.100.202210260954/tools/bin/../lib/gcc/arm-none-eabi/10.3.1/../../../../arm-none-eabi/lib/thumb/v7e-m+fp/hard\libc_nano.a(lib_a-reent.o)
 .ARM.attributes
                0x0000000000000b52       0x34 c:/st/stm32cubeide_1.11.0/stm32cubeide/plugins/com.st.stm32cube.ide.mcu.externaltools.gnu-tools-for-stm32.10.3-2021.10.win32_1.0.100.202210260954/tools/bin/../lib/gcc/arm-none-eabi/10.3.1/../../../../arm-none-eabi/lib/thumb/v7e-m+fp/hard\libc_nano.a(lib_a-lock.o)
 .ARM.attributes
                0x0000000000000b86       0x1e c:/st/stm32cubeide_1.11.0/stm32cubeide/plugins/com.st.stm32cube.ide.mcu.externaltools.gnu-tools-for-stm32.10.3-2021.10.win32_1.0.100.202210260954/tools/bin/../lib/gcc/arm-none-eabi/10.3.1/thumb/v7e-m+fp/hard\libgcc.a(_arm_addsubdf3.o)
 .ARM.attributes
                0x0000000000000ba4       0x1e c:/st/stm32cubeide_1.11.0/stm32cubeide/plugins/com.st.stm32cube.ide.mcu.externaltools.gnu-tools-for-stm32.10.3-2021.10.win32_1.0.100.202210260954/tools/bin/../lib/gcc/arm-none-eabi/10.3.1/thumb/v7e-m+fp/hard\libgcc.a(_arm_muldivdf3.o)
 .ARM.attributes
                0x0000000000000bc2       0x1e c:/st/stm32cubeide_1.11.0/stm32cubeide/plugins/com.st.stm32cube.ide.mcu.externaltools.gnu-tools-for-stm32.10.3-2021.10.win32_1.0.100.202210260954/tools/bin/../lib/gcc/arm-none-eabi/10.3.1/thumb/v7e-m+fp/hard\libgcc.a(_arm_fixdfsi.o)
 .ARM.attributes
                0x0000000000000be0       0x1e c:/st/stm32cubeide_1.11.0/stm32cubeide/plugins/com.st.stm32cube.ide.mcu.externaltools.gnu-tools-for-stm32.10.3-2021.10.win32_1.0.100.202210260954/tools/bin/../lib/gcc/arm-none-eabi/10.3.1/thumb/v7e-m+fp/hard\libgcc.a(_arm_fixunsdfsi.o)
 .ARM.attributes
                0x0000000000000bfe       0x1e c:/st/stm32cubeide_1.11.0/stm32cubeide/plugins/com.st.stm32cube.ide.mcu.externaltools.gnu-tools-for-stm32.10.3-2021.10.win32_1.0.100.202210260954/tools/bin/../lib/gcc/arm-none-eabi/10.3.1/thumb/v7e-m+fp/hard/crtn.o
OUTPUT(E-Design.elf elf32-littlearm)
LOAD linker stubs
LOAD c:/st/stm32cubeide_1.11.0/stm32cubeide/plugins/com.st.stm32cube.ide.mcu.externaltools.gnu-tools-for-stm32.10.3-2021.10.win32_1.0.100.202210260954/tools/bin/../lib/gcc/arm-none-eabi/10.3.1/../../../../arm-none-eabi/lib/thumb/v7e-m+fp/hard\libc.a
LOAD c:/st/stm32cubeide_1.11.0/stm32cubeide/plugins/com.st.stm32cube.ide.mcu.externaltools.gnu-tools-for-stm32.10.3-2021.10.win32_1.0.100.202210260954/tools/bin/../lib/gcc/arm-none-eabi/10.3.1/../../../../arm-none-eabi/lib/thumb/v7e-m+fp/hard\libm.a