../Core/Src/tim.c:36:6:MX_TIM1_Init	112	static
../Core/Src/tim.c:111:6:MX_TIM2_Init	48	static
../Core/Src/tim.c:155:6:MX_TIM3_Init	48	static
../Core/Src/tim.c:199:6:MX_TIM4_Init	48	static
../Core/Src/tim.c:243:6:MX_TIM16_Init	8	static
../Core/Src/tim.c:270:6:MX_TIM17_Init	8	static
../Core/Src/tim.c:297:6:HAL_TIM_Base_MspInit	32	static
../Core/Src/tim.c:366:6:HAL_TIM_PWM_MspInit	32	static
../Core/Src/tim.c:403:6:HAL_TIM_MspPostInit	56	static
../Core/Src/tim.c:493:6:HAL_TIM_Base_MspDeInit	16	static
../Core/Src/tim.c:572:6:HAL_TIM_PWM_MspDeInit	16	static
